
Merging program properties

Removed property 0xc0000002 to merge binaries/ads.o (0x3) and binaries/start.o (not found)
Removed property 0xc0000002 to merge binaries/ads.o (not found) and binaries/ascdate.o (0x3)
Removed property 0xc0000002 to merge binaries/ads.o (not found) and binaries/bufinit.o (0x3)
Removed property 0xc0000002 to merge binaries/ads.o (not found) and binaries/chprio.o (0x3)
Removed property 0xc0000002 to merge binaries/ads.o (not found) and binaries/clkhandler.o (0x3)
Removed property 0xc0000002 to merge binaries/ads.o (not found) and binaries/clkinit.o (0x3)
Removed property 0xc0000002 to merge binaries/ads.o (not found) and binaries/close.o (0x3)
Removed property 0xc0000002 to merge binaries/ads.o (not found) and binaries/conf.o (0x3)
Removed property 0xc0000002 to merge binaries/ads.o (not found) and binaries/control.o (0x3)
Removed property 0xc0000002 to merge binaries/ads.o (not found) and binaries/create.o (0x3)
Removed property 0xc0000002 to merge binaries/ads.o (not found) and binaries/deadlock.o (0x3)
Removed property 0xc0000002 to merge binaries/ads.o (not found) and binaries/deposit.o (0x3)
Removed property 0xc0000002 to merge binaries/ads.o (not found) and binaries/evec.o (0x3)
Removed property 0xc0000002 to merge binaries/ads.o (not found) and binaries/exit.o (0x3)
Removed property 0xc0000002 to merge binaries/ads.o (not found) and binaries/freebuf.o (0x3)
Removed property 0xc0000002 to merge binaries/ads.o (not found) and binaries/freemem.o (0x3)
Removed property 0xc0000002 to merge binaries/ads.o (not found) and binaries/getbuf.o (0x3)
Removed property 0xc0000002 to merge binaries/ads.o (not found) and binaries/getc.o (0x3)
Removed property 0xc0000002 to merge binaries/ads.o (not found) and binaries/getdev.o (0x3)
Removed property 0xc0000002 to merge binaries/ads.o (not found) and binaries/getitem.o (0x3)
Removed property 0xc0000002 to merge binaries/ads.o (not found) and binaries/getmem.o (0x3)
Removed property 0xc0000002 to merge binaries/ads.o (not found) and binaries/getpid.o (0x3)
Removed property 0xc0000002 to merge binaries/ads.o (not found) and binaries/getprio.o (0x3)
Removed property 0xc0000002 to merge binaries/ads.o (not found) and binaries/getstk.o (0x3)
Removed property 0xc0000002 to merge binaries/ads.o (not found) and binaries/getticks.o (0x3)
Removed property 0xc0000002 to merge binaries/ads.o (not found) and binaries/gettime.o (0x3)
Removed property 0xc0000002 to merge binaries/ads.o (not found) and binaries/getutime.o (0x3)
Removed property 0xc0000002 to merge binaries/ads.o (not found) and binaries/i386.o (0x3)
Removed property 0xc0000002 to merge binaries/ads.o (not found) and binaries/init.o (0x3)
Removed property 0xc0000002 to merge binaries/ads.o (not found) and binaries/initialize.o (0x3)
Removed property 0xc0000002 to merge binaries/ads.o (not found) and binaries/insert.o (0x3)
Removed property 0xc0000002 to merge binaries/ads.o (not found) and binaries/insertd.o (0x3)
Removed property 0xc0000002 to merge binaries/ads.o (not found) and binaries/ioerr.o (0x3)
Removed property 0xc0000002 to merge binaries/ads.o (not found) and binaries/ionull.o (0x3)
Removed property 0xc0000002 to merge binaries/ads.o (not found) and binaries/kill.o (0x3)
Removed property 0xc0000002 to merge binaries/ads.o (not found) and binaries/kprintf.o (0x3)
Removed property 0xc0000002 to merge binaries/ads.o (not found) and binaries/main.o (0x3)
Removed property 0xc0000002 to merge binaries/ads.o (not found) and binaries/mark.o (0x3)
Removed property 0xc0000002 to merge binaries/ads.o (not found) and binaries/meminit.o (0x3)
Removed property 0xc0000002 to merge binaries/ads.o (not found) and binaries/mkbufpool.o (0x3)
Removed property 0xc0000002 to merge binaries/ads.o (not found) and binaries/newqueue.o (0x3)
Removed property 0xc0000002 to merge binaries/ads.o (not found) and binaries/open.o (0x3)
Removed property 0xc0000002 to merge binaries/ads.o (not found) and binaries/panic.o (0x3)
Removed property 0xc0000002 to merge binaries/ads.o (not found) and binaries/pci.o (0x3)
Removed property 0xc0000002 to merge binaries/ads.o (not found) and binaries/ptclear.o (0x3)
Removed property 0xc0000002 to merge binaries/ads.o (not found) and binaries/ptcount.o (0x3)
Removed property 0xc0000002 to merge binaries/ads.o (not found) and binaries/ptcreate.o (0x3)
Removed property 0xc0000002 to merge binaries/ads.o (not found) and binaries/ptdelete.o (0x3)
Removed property 0xc0000002 to merge binaries/ads.o (not found) and binaries/ptinit.o (0x3)
Removed property 0xc0000002 to merge binaries/ads.o (not found) and binaries/ptrecv.o (0x3)
Removed property 0xc0000002 to merge binaries/ads.o (not found) and binaries/ptreset.o (0x3)
Removed property 0xc0000002 to merge binaries/ads.o (not found) and binaries/ptsend.o (0x3)
Removed property 0xc0000002 to merge binaries/ads.o (not found) and binaries/putc.o (0x3)
[...]
Memory Configuration

Name             Origin             Length             Attributes
*default*        0x0000000000000000 0xffffffffffffffff

Linker script and memory map

                0x0000000000100000                physbase = 0x100000
                0x0000000000100000                . = physbase
                0x0000000000100000                . = ALIGN (0x1000)

.text           0x0000000000100000    0x1a000
                0x0000000000100000                text = ABSOLUTE (.)
 *(.text .text.*)
 .text          0x0000000000100000      0x165 binaries/start.o
                0x0000000000100020                entry
                0x000000000010003d                start
                0x00000000001000a5                inb
                0x00000000001000ad                inw
                0x00000000001000b6                inl
                0x00000000001000be                outb
                0x00000000001000c8                outw
                0x00000000001000d3                outl
                0x00000000001000dd                _rtcin
                0x00000000001000e8                ___udivsi3
                0x00000000001000f3                ___divsi3
                0x00000000001000ff                sbzero
                0x000000000010010f                bcopy
                0x0000000000100123                insw
                0x0000000000100139                outsw
                0x000000000010014f                lidt
                0x0000000000100157                jumptocode
                0x000000000010015e                jumptobootcode
 .text          0x0000000000100165      0x235 binaries/ads.o
                0x0000000000100165                ads
 .text.__x86.get_pc_thunk.bx
                0x000000000010039a        0x4 binaries/ads.o
                0x000000000010039a                __x86.get_pc_thunk.bx
 .text          0x000000000010039e      0x408 binaries/ascdate.o
                0x000000000010039e                ascdate
 .text.__x86.get_pc_thunk.cx
                0x00000000001007a6        0x4 binaries/ascdate.o
                0x00000000001007a6                __x86.get_pc_thunk.cx
 .text          0x00000000001007aa       0x24 binaries/bufinit.o
                0x00000000001007aa                bufinit
 .text.__x86.get_pc_thunk.ax
                0x00000000001007ce        0x4 binaries/bufinit.o
                0x00000000001007ce                __x86.get_pc_thunk.ax
 .text          0x00000000001007d2       0xa6 binaries/chprio.o
                0x00000000001007d2                chprio
 .text          0x0000000000100878       0xdb binaries/clkhandler.o
                0x0000000000100878                clkhandler
 .text          0x0000000000100953       0x99 binaries/clkinit.o
                0x0000000000100953                clkinit
 .text          0x00000000001009ec       0x8a binaries/close.o
                0x00000000001009ec                close
 .text          0x0000000000100a76        0x0 binaries/conf.o
 .text          0x0000000000100a76       0x90 binaries/control.o
                0x0000000000100a76                control
 .text          0x0000000000100b06      0x2f5 binaries/create.o
                0x0000000000100b06                create
 .text          0x0000000000100dfb      0x885 binaries/deadlock.o
                0x0000000000100dfb                calculateNeed
                0x0000000000100e7e                isSafe
                0x0000000000100fcc                DeadlockDetect
                0x0000000000101216                changeState
                0x00000000001012cc                CausesDeadlock
                0x000000000010149f                DeadlockRecovery
 .text          0x0000000000101680      0x6ab binaries/deposit.o
                0x0000000000101680                deposit
 .text          0x0000000000101d2b      0x3d8 binaries/evec.o
                0x0000000000101d2b                initevec
                0x0000000000101d9b                set_evec
                0x0000000000101e5f                trap
 .text          0x0000000000102103       0x2d binaries/exit.o
                0x0000000000102103                exit
 .text          0x0000000000102130       0xa1 binaries/freebuf.o
                0x0000000000102130                freebuf
 .text          0x00000000001021d1      0x199 binaries/freemem.o
                0x00000000001021d1                freemem
 .text          0x000000000010236a       0x9f binaries/getbuf.o
                0x000000000010236a                getbuf
 .text          0x0000000000102409       0x8a binaries/getc.o
                0x0000000000102409                getc
 .text          0x0000000000102493       0x8a binaries/getdev.o
                0x0000000000102493                getdev
 .text          0x000000000010251d      0x11d binaries/getitem.o
                0x000000000010251d                getfirst
                0x0000000000102577                getlast
                0x00000000001025d3                getitem
 .text.__x86.get_pc_thunk.dx
                0x000000000010263a        0x4 binaries/getitem.o
                0x000000000010263a                __x86.get_pc_thunk.dx
 .text          0x000000000010263e      0x136 binaries/getmem.o
                0x000000000010263e                getmem
 .text          0x0000000000102774       0x1b binaries/getpid.o
                0x0000000000102774                getpid
 .text          0x000000000010278f       0x90 binaries/getprio.o
                0x000000000010278f                getprio
 .text          0x000000000010281f      0x11d binaries/getstk.o
                0x000000000010281f                getstk
 .text          0x000000000010293c       0x24 binaries/getticks.o
                0x000000000010293c                getticks
 .text          0x0000000000102960       0x4e binaries/gettime.o
                0x0000000000102960                gettime
 .text          0x00000000001029ae      0x220 binaries/getutime.o
                0x00000000001029ae                getutime
 .text          0x0000000000102bce      0x447 binaries/i386.o
                0x0000000000102bce                setsegs
                0x0000000000102d0e                init8259
                0x0000000000102dd4                pseg
                0x0000000000102fa0                setirmask
 .text          0x0000000000103015       0x8a binaries/init.o
                0x0000000000103015                init
 .text          0x000000000010309f      0x46e binaries/initialize.o
                0x000000000010309f                nulluser
                0x0000000000103492                stop
                0x00000000001034d1                delay
 .text          0x000000000010350d      0x109 binaries/insert.o
                0x000000000010350d                insert
 .text          0x0000000000103616      0x142 binaries/insertd.o
                0x0000000000103616                insertd
 .text          0x0000000000103758       0x18 binaries/ioerr.o
                0x0000000000103758                ioerr
 .text          0x0000000000103770       0x18 binaries/ionull.o
                0x0000000000103770                ionull
 .text          0x0000000000103788      0x1cd binaries/kill.o
                0x0000000000103788                kill
 .text          0x0000000000103955      0x18e binaries/kprintf.o
                0x0000000000103955                kputc
                0x00000000001039fd                kgetc
                0x0000000000103aa3                kprintf
 .text          0x0000000000103ae3      0x168 binaries/main.o
                0x0000000000103ae3                main
 .text          0x0000000000103c4b       0xf6 binaries/mark.o
                0x0000000000103c4b                markinit
                0x0000000000103c88                mark
 .text          0x0000000000103d41       0xf9 binaries/meminit.o
                0x0000000000103d41                meminit
 .text          0x0000000000103e3a      0x192 binaries/mkbufpool.o
                0x0000000000103e3a                mkbufpool
 .text          0x0000000000103fcc       0xbf binaries/newqueue.o
                0x0000000000103fcc                newqueue
 .text          0x000000000010408b       0x90 binaries/open.o
                0x000000000010408b                open
 .text          0x000000000010411b       0x32 binaries/panic.o
                0x000000000010411b                panic
 .text          0x000000000010414d      0x56c binaries/pci.o
                0x000000000010414d                pci_init
                0x0000000000104477                find_pci_device
                0x00000000001044d6                pci_bios_read_config_byte
                0x0000000000104526                pci_bios_read_config_word
                0x0000000000104579                pci_bios_read_config_dword
                0x00000000001045c9                pci_bios_write_config_byte
                0x000000000010461b                pci_bios_write_config_word
                0x000000000010466d                pci_bios_write_config_dword
 .text.__x86.get_pc_thunk.si
                0x00000000001046b9        0x4 binaries/pci.o
                0x00000000001046b9                __x86.get_pc_thunk.si
 .text          0x00000000001046bd      0x109 binaries/ptclear.o
                0x00000000001046bd                _ptclear
 .text          0x00000000001047c6       0xb3 binaries/ptcount.o
                0x00000000001047c6                ptcount
 .text          0x0000000000104879      0x138 binaries/ptcreate.o
                0x0000000000104879                ptcreate
 .text          0x00000000001049b1       0x98 binaries/ptdelete.o
                0x00000000001049b1                ptdelete
 .text          0x0000000000104a49       0xe9 binaries/ptinit.o
                0x0000000000104a49                ptinit
 .text          0x0000000000104b32      0x139 binaries/ptrecv.o
                0x0000000000104b32                ptrecv
 .text          0x0000000000104c6b       0x8d binaries/ptreset.o
                0x0000000000104c6b                ptreset
 .text          0x0000000000104cf8      0x15e binaries/ptsend.o
                0x0000000000104cf8                ptsend
 .text          0x0000000000104e56       0x95 binaries/putc.o
                0x0000000000104e56                putc
 .text          0x0000000000104eeb      0x2f8 binaries/queue.o
                0x0000000000104eeb                enqueue
                0x0000000000104fb0                dequeue
                0x0000000000105039                getTickets
                0x00000000001050e8                dequeueProcess
 .text          0x00000000001051e3       0x90 binaries/read.o
                0x00000000001051e3                read
 .text          0x0000000000105273       0x90 binaries/ready.o
                0x0000000000105273                ready
 .text          0x0000000000105303       0x78 binaries/receive.o
                0x0000000000105303                receive
 .text          0x000000000010537b       0x74 binaries/recvclr.o
                0x000000000010537b                recvclr
 .text          0x00000000001053ef       0xd9 binaries/recvtime.o
                0x00000000001053ef                recvtime
 .text          0x00000000001054c8      0x277 binaries/resched.o
                0x00000000001054c8                resched
                0x000000000010569e                resched_cntl
 .text          0x000000000010573f       0xc3 binaries/resume.o
                0x000000000010573f                resume
 .text          0x0000000000105802      0x6be binaries/review_comment.o
                0x0000000000105802                review
                0x0000000000105bcd                comment
 .text          0x0000000000105ec0       0x90 binaries/ring.o
                0x0000000000105ec0                ring
 .text          0x0000000000105f50       0x8e binaries/seek.o
                0x0000000000105f50                seek
 .text          0x0000000000105fde       0x8b binaries/semcount.o
                0x0000000000105fde                semcount
 .text          0x0000000000106069      0x108 binaries/semcreate.o
                0x0000000000106069                semcreate
 .text          0x0000000000106171       0xe3 binaries/semdelete.o
                0x0000000000106171                semdelete
 .text          0x0000000000106254       0xe7 binaries/semreset.o
                0x0000000000106254                semreset
 .text          0x000000000010633b       0xff binaries/send.o
                0x000000000010633b                send
 .text          0x000000000010643a       0xbe binaries/signal.o
                0x000000000010643a                signal
 .text          0x00000000001064f8       0xec binaries/signaln.o
                0x00000000001064f8                signaln
 .text          0x00000000001065e4      0x116 binaries/sleep.o
                0x00000000001065e4                sleep
                0x0000000000106640                sleepms
 .text          0x00000000001066fa      0x1b8 binaries/stacktrace.o
                0x00000000001066fa                stacktrace
 .text          0x00000000001068b2       0xf9 binaries/suspend.o
                0x00000000001068b2                suspend
 .text          0x00000000001069ab      0x8c8 binaries/transfer.o
                0x00000000001069ab                transfer
 .text          0x0000000000107273      0x104 binaries/unsleep.o
                0x0000000000107273                unsleep
 .text          0x0000000000107377       0x2d binaries/userret.o
                0x0000000000107377                userret
 .text          0x00000000001073a4       0xf9 binaries/wait.o
                0x00000000001073a4                wait
 .text          0x000000000010749d       0x9c binaries/wakeup.o
                0x000000000010749d                wakeup
 .text          0x0000000000107539      0x77e binaries/withdraw.o
                0x0000000000107539                withdraw
 .text          0x0000000000107cb7       0x90 binaries/write.o
                0x0000000000107cb7                write
 .text          0x0000000000107d47       0x33 binaries/xdone.o
                0x0000000000107d47                xdone
 .text          0x0000000000107d7a       0x3b binaries/yield.o
                0x0000000000107d7a                yield
 .text          0x0000000000107db5       0x1f binaries/abs.o
                0x0000000000107db5                abs
 .text          0x0000000000107dd4       0x9e binaries/atoi.o
                0x0000000000107dd4                atoi
 .text          0x0000000000107e72       0x9e binaries/atol.o
                0x0000000000107e72                atol
 .text          0x0000000000107f10       0x40 binaries/bzero.o
                0x0000000000107f10                bzero
 .text          0x0000000000107f50        0x0 binaries/ctype_.o
 .text          0x0000000000107f50      0x96b binaries/doprnt.o
                0x0000000000107f50                _doprnt
 .text          0x00000000001088bb      0x709 binaries/doscan.o
                0x00000000001088bb                _doscan
 .text.__x86.get_pc_thunk.di
                0x0000000000108fc4        0x4 binaries/doscan.o
                0x0000000000108fc4                __x86.get_pc_thunk.di
 .text          0x0000000000108fc8      0x788 binaries/fdoprnt.o
                0x0000000000108fc8                _fdoprnt
 .text          0x0000000000109750       0x3d binaries/fgetc.o
                0x0000000000109750                fgetc
 .text          0x000000000010978d       0x88 binaries/fgets.o
                0x000000000010978d                fgets
 .text          0x0000000000109815       0x40 binaries/fprintf.o
                0x0000000000109815                fprintf
 .text          0x0000000000109855       0x40 binaries/fputc.o
                0x0000000000109855                fputc
 .text          0x0000000000109895       0x56 binaries/fputs.o
                0x0000000000109895                fputs
 .text          0x00000000001098eb       0xc2 binaries/fscanf.o
                0x00000000001098eb                fscanf
 .text          0x00000000001099ad       0x4a binaries/getchar.o
                0x00000000001099ad                getchar
 .text          0x00000000001099f7       0x1f binaries/labs.o
                0x00000000001099f7                labs
 .text          0x0000000000109a16        0x0 binaries/memchr.o
 .text          0x0000000000109a16       0x5f binaries/memcmp.o
                0x0000000000109a16                memcmp
 .text          0x0000000000109a75       0x4d binaries/memcpy.o
                0x0000000000109a75                memcpy
 .text          0x0000000000109ac2       0x3e binaries/memset.o
                0x0000000000109ac2                memset
 .text          0x0000000000109b00       0x61 binaries/printf.o
                0x0000000000109b00                printf
 .text          0x0000000000109b61       0x4d binaries/putchar.o
                0x0000000000109b61                putchar
 .text          0x0000000000109bae      0x2bf binaries/qsort.o
                0x0000000000109bae                qsort
 .text          0x0000000000109e6d       0x8d binaries/rand.o
                0x0000000000109e6d                rand
                0x0000000000109e95                rand_r
                0x0000000000109edd                srand
 .text          0x0000000000109efa       0x8a binaries/sprintf.o
                0x0000000000109efa                sprintf
 .text          0x0000000000109f84       0xa4 binaries/sscanf.o
                0x0000000000109f84                sscanf
 .text          0x000000000010a028       0x4a binaries/strchr.o
                0x000000000010a028                strchr
 .text          0x000000000010a072       0x53 binaries/strcmp.o
                0x000000000010a072                strcmp
 .text          0x000000000010a0c5       0x35 binaries/strcpy.o
                0x000000000010a0c5                strcpy
 .text          0x000000000010a0fa       0x34 binaries/strlen.o
                0x000000000010a0fa                strlen
 .text          0x000000000010a12e       0x64 binaries/strncat.o
                0x000000000010a12e                strncat
 .text          0x000000000010a192       0x6c binaries/strncmp.o
                0x000000000010a192                strncmp
 .text          0x000000000010a1fe       0x5d binaries/strncpy.o
                0x000000000010a1fe                strncpy
 .text          0x000000000010a25b       0x3c binaries/strnlen.o
                0x000000000010a25b                strnlen
 .text          0x000000000010a297       0x53 binaries/strrchr.o
                0x000000000010a297                strrchr
 .text          0x000000000010a2ea       0x7c binaries/strstr.o
                0x000000000010a2ea                strstr
 .text          0x000000000010a366      0x100 binaries/ttycontrol.o
                0x000000000010a366                ttycontrol
 .text          0x000000000010a466       0xaf binaries/ttygetc.o
                0x000000000010a466                ttygetc
 .text          0x000000000010a515      0x73b binaries/ttyhandle_in.o
                0x000000000010a515                ttyhandle_in
 .text          0x000000000010ac50      0x1c5 binaries/ttyhandle_out.o
                0x000000000010ac50                ttyhandle_out
 .text          0x000000000010ae15       0xec binaries/ttyhandler.o
                0x000000000010ae15                ttyhandler
 .text          0x000000000010af01      0x241 binaries/ttyinit.o
                0x000000000010af01                ttyinit
 .text          0x000000000010b142       0x2f binaries/ttykickout.o
                0x000000000010b142                ttykickout
 .text          0x000000000010b171       0xcd binaries/ttyputc.o
                0x000000000010b171                ttyputc
 .text          0x000000000010b23e      0x12f binaries/ttyread.o
                0x000000000010b23e                ttyread
 .text          0x000000000010b36d       0x60 binaries/ttywrite.o
                0x000000000010b36d                ttywrite
 .text          0x000000000010b3cd      0xf47 binaries/82545EMInit.o
                0x000000000010b44a                _82545EMInit
                0x000000000010c162                _82545EM_read_phy_reg
                0x000000000010c237                _82545EM_write_phy_reg
 .text          0x000000000010c314      0x295 binaries/ethcontrol.o
                0x000000000010c391                ethcontrol
                0x000000000010c51e                ethIrqDisable
                0x000000000010c562                ethIrqEnable
 .text          0x000000000010c5a9      0x2a6 binaries/ethhandler.o
                0x000000000010c752                ethhandler
 .text          0x000000000010c84f      0x142 binaries/ethinit.o
                0x000000000010c84f                ethinit
 .text          0x000000000010c991      0x22b binaries/ethread.o
                0x000000000010ca0e                ethread
 .text          0x000000000010cbbc      0x1d4 binaries/ethwrite.o
                0x000000000010cc39                ethwrite
 .text          0x000000000010cd90       0x18 binaries/ramclose.o
                0x000000000010cd90                ramclose
 .text          0x000000000010cda8       0x5c binaries/raminit.o
                0x000000000010cda8                raminit
 .text          0x000000000010ce04       0x18 binaries/ramopen.o
                0x000000000010ce04                ramopen
 .text          0x000000000010ce1c       0x4b binaries/ramread.o
                0x000000000010ce1c                ramread
 .text          0x000000000010ce67       0x4b binaries/ramwrite.o
                0x000000000010ce67                ramwrite
 .text          0x000000000010ceb2      0x63b binaries/vga.o
                0x000000000010ceb2                memset16
                0x000000000010cefc                memmove
                0x000000000010cf86                getScreenPositionIndex
                0x000000000010cfc3                combineCharacterWithMode
                0x000000000010cff9                writeCharacterToScreenMemory
                0x000000000010d073                clearScreen
                0x000000000010d0d0                setCursorPosition
                0x000000000010d18d                scrollUpScreen
                0x000000000010d221                moveToNewLine
                0x000000000010d286                backspace
                0x000000000010d32f                outputAsciiCharacter
                0x000000000010d437                vgainit
                0x000000000010d466                vgaputc
                0x000000000010d49e                vgawrite
 .text          0x000000000010d4ed      0x8ff binaries/arp.o
                0x000000000010d4ed                arp_init
                0x000000000010d538                arp_resolve
                0x000000000010d82a                arp_in
                0x000000000010db10                arp_alloc
                0x000000000010dbf6                arp_ntoh
                0x000000000010dcf1                arp_hton
 .text          0x000000000010ddec      0x991 binaries/dhcp.o
                0x000000000010ddec                dhcp_get_opt_val
                0x000000000010de53                dhcp_bld_bootp_msg
                0x000000000010df7e                dhcp_bld_disc
                0x000000000010e06f                dhcp_bld_req
                0x000000000010e1f0                getlocalip
 .text          0x000000000010e77d      0x5fc binaries/dns.o
                0x000000000010e77d                dnslookup
 .text          0x000000000010ed79       0xf8 binaries/dot2ip.o
                0x000000000010ed79                dot2ip
 .text          0x000000000010ee71      0x530 binaries/hexdump.o
                0x000000000010ee71                hexdump
                0x000000000010f043                hexadump
 .text          0x000000000010f3a1      0x968 binaries/icmp.o
                0x000000000010f3a1                icmp_init
                0x000000000010f3eb                icmp_in
                0x000000000010f5d0                icmp_register
                0x000000000010f6de                icmp_recv
                0x000000000010f880                icmp_send
                0x000000000010f919                icmp_mkpkt
                0x000000000010fa51                icmp_release
                0x000000000010fb62                icmp_cksum
                0x000000000010fc03                icmp_hton
                0x000000000010fc86                icmp_ntoh
 .text          0x000000000010fd09      0x990 binaries/ip.o
                0x000000000010fd09                ip_in
                0x000000000010feb2                ip_send
                0x0000000000110038                ip_local
                0x000000000011009d                ip_out
                0x00000000001101e9                ipcksum
                0x000000000011027d                ip_ntoh
                0x0000000000110378                ip_hton
                0x0000000000110473                ipout
                0x00000000001105ce                ip_enqueue
 .text          0x0000000000110699      0x348 binaries/net.o
                0x0000000000110699                net_init
                0x00000000001107f9                netin
                0x00000000001108d0                eth_hton
                0x0000000000110909                eth_ntoh
                0x0000000000110942                getport
 .text          0x00000000001109e1     0x15c4 binaries/pdump.o
                0x00000000001109e1                pdump
                0x000000000011183d                pdumph
 .text          0x0000000000111fa5      0x668 binaries/tftp.o
                0x0000000000111fa5                tftp_send1
                0x000000000011213c                tftpget
                0x000000000011217c                tftpget_mb
 .text          0x000000000011260d      0xc5e binaries/udp.o
                0x000000000011260d                udp_init
                0x0000000000112657                udp_in
                0x00000000001127ae                udp_register
                0x0000000000112901                udp_recv
                0x0000000000112ab4                udp_recvaddr
                0x0000000000112c7f                udp_send
                0x0000000000112e86                udp_sendto
                0x0000000000113055                udp_release
                0x0000000000113165                udp_ntoh
                0x00000000001131e8                udp_hton
 .text          0x000000000011326b      0x151 binaries/addargs.o
                0x000000000011326b                addargs
 .text          0x00000000001133bc      0x2df binaries/lexan.o
                0x00000000001133bc                lexan
 .text          0x000000000011369b      0x5d6 binaries/shell.o
                0x000000000011369b                shell
 .text          0x0000000000113c71      0xae1 binaries/xsh_bank.o
                0x0000000000113c71                xsh_bank
 .text          0x0000000000114752       0xe1 binaries/xsh_clear.o
                0x0000000000114752                xsh_clear
 .text          0x0000000000114833      0x358 binaries/xsh_date.o
                0x0000000000114833                xsh_date
 .text          0x0000000000114b8b       0x8b binaries/xsh_echo.o
                0x0000000000114b8b                xsh_echo
 .text          0x0000000000114c16       0x18 binaries/xsh_exit.o
                0x0000000000114c16                xsh_exit
 .text          0x0000000000114c2e      0x3ed binaries/xsh_help.o
                0x0000000000114c2e                xsh_help
 .text          0x000000000011501b      0x28b binaries/xsh_kill.o
                0x000000000011501b                xsh_kill
 .text          0x00000000001152a6      0x280 binaries/xsh_ps.o
                0x00000000001152a6                xsh_ps
 .text          0x0000000000115526      0x107 binaries/xsh_reviewcomment.o
                0x0000000000115526                xsh_reviewcomment
 .text          0x000000000011562d      0x234 binaries/xsh_uptime.o
                0x000000000011562d                xsh_uptime
 .text          0x0000000000115861      0xa17 binaries/xsh_user.o
                0x0000000000115861                xsh_user
 .text          0x0000000000116278        0xe binaries/clkdisp.o
                0x0000000000116278                clkdisp
 .text          0x0000000000116286       0x19 binaries/ctxsw.o
                0x0000000000116286                ctxsw
 .text          0x000000000011629f      0x368 binaries/intr.o
                0x000000000011629f                disable
                0x00000000001162a8                restore
                0x00000000001162b6                enable
                0x00000000001162b8                pause
                0x00000000001162bf                halt
                0x00000000001162c2                spurious_irq7
                0x00000000001162c7                spurious_irq15
                0x00000000001162d6                _Xint0
                0x00000000001162e1                _Xint1
                0x00000000001162ec                _Xint2
                0x00000000001162f7                _Xint3
                0x0000000000116302                _Xint4
                0x000000000011630d                _Xint5
                0x0000000000116318                _Xint6
                0x0000000000116323                _Xint7
                0x000000000011632e                _Xint8
                0x0000000000116339                _Xint9
                0x0000000000116344                _Xint10
                0x000000000011634f                _Xint11
                0x000000000011635d                _Xint12
                0x000000000011636b                _Xint13
                0x0000000000116379                _Xint14
                0x0000000000116387                _Xint15
                0x0000000000116395                _Xint16
                0x00000000001163a3                _Xint17
                0x00000000001163b1                _Xint18
                0x00000000001163bf                _Xint19
                0x00000000001163cd                _Xint20
                0x00000000001163db                _Xint21
                0x00000000001163e9                _Xint22
                0x00000000001163f7                _Xint23
                0x0000000000116405                _Xint24
                0x0000000000116413                _Xint25
                0x0000000000116421                _Xint26
                0x000000000011642f                _Xint27
                0x000000000011643d                _Xint28
                0x000000000011644b                _Xint29
                0x0000000000116459                _Xint30
                0x0000000000116467                _Xint31
                0x0000000000116475                _Xint32
                0x0000000000116483                _Xint33
                0x0000000000116491                _Xint34
                0x000000000011649f                _Xint35
                0x00000000001164ad                _Xint36
                0x00000000001164bb                _Xint37
                0x00000000001164c9                _Xint38
                0x00000000001164d7                _Xint39
                0x00000000001164e5                _Xint40
                0x00000000001164f3                _Xint41
                0x0000000000116501                _Xint42
                0x000000000011650f                _Xint43
                0x000000000011651d                _Xint44
                0x000000000011652b                _Xint45
                0x0000000000116539                _Xint46
                0x0000000000116547                defevec
 .text          0x0000000000116607        0xf binaries/ttydispatch.o
                0x0000000000116607                ttydispatch
 .text          0x0000000000116616       0x13 binaries/ethdispatch.o
                0x0000000000116616                ethdispatch
 *(.rodata .rodata.*)
 *fill*         0x0000000000116629        0x3 
 .rodata        0x000000000011662c      0x306 binaries/ads.o
 *fill*         0x0000000000116932        0x2 
 .rodata        0x0000000000116934       0x8e binaries/ascdate.o
 .rodata        0x00000000001169c2       0x23 binaries/conf.o
 *fill*         0x00000000001169e5        0x3 
 .rodata        0x00000000001169e8      0x17a binaries/deadlock.o
 *fill*         0x0000000000116b62        0x2 
 .rodata        0x0000000000116b64       0xa0 binaries/deposit.o
 .rodata        0x0000000000116c04      0x22f binaries/evec.o
 *fill*         0x0000000000116e33        0x1 
 .rodata        0x0000000000116e34       0x61 binaries/getutime.o
 *fill*         0x0000000000116e95        0x3 
 .rodata        0x0000000000116e98       0x90 binaries/i386.o
 .rodata        0x0000000000116f28      0x18b binaries/initialize.o
 *fill*         0x00000000001170b3        0x1 
 .rodata        0x00000000001170b4       0x20 binaries/kill.o
 .rodata        0x00000000001170d4       0x18 binaries/main.o
 .rodata        0x00000000001170ec        0xf binaries/panic.o
 *fill*         0x00000000001170fb        0x1 
 .rodata        0x00000000001170fc      0x1ec binaries/pci.o
 .rodata        0x00000000001172e8       0x1d binaries/ptinit.o
 *fill*         0x0000000000117305        0x3 
 .rodata        0x0000000000117308       0x25 binaries/ptsend.o
 *fill*         0x000000000011732d        0x3 
 .rodata        0x0000000000117330      0x18d binaries/review_comment.o
 *fill*         0x00000000001174bd        0x3 
 .rodata        0x00000000001174c0       0xb7 binaries/stacktrace.o
 *fill*         0x0000000000117577        0x1 
 .rodata        0x0000000000117578       0xfc binaries/transfer.o
 .rodata        0x0000000000117674       0xc4 binaries/withdraw.o
 .rodata        0x0000000000117738       0x27 binaries/xdone.o
 *fill*         0x000000000011775f        0x1 
 .rodata        0x0000000000117760       0x81 binaries/ctype_.o
                0x0000000000117760                _ctype_
 *fill*         0x00000000001177e1        0x3 
 .rodata        0x00000000001177e4       0xee binaries/doprnt.o
 *fill*         0x00000000001178d2        0x2 
 .rodata        0x00000000001178d4       0xae binaries/fdoprnt.o
 *fill*         0x0000000000117982        0x2 
 .rodata        0x0000000000117984       0x20 binaries/ttycontrol.o
 .rodata        0x00000000001179a4       0x34 binaries/ttyhandler.o
 .rodata        0x00000000001179d8       0x2e binaries/82545EMInit.o
 *fill*         0x0000000000117a06        0x2 
 .rodata        0x0000000000117a08       0x78 binaries/ethinit.o
 .rodata        0x0000000000117a80       0x18 binaries/ethread.o
 .rodata        0x0000000000117a98        0x9 binaries/raminit.o
 *fill*         0x0000000000117aa1        0x3 
 .rodata        0x0000000000117aa4        0x9 binaries/vga.o
                0x0000000000117aa4                SCREEN_WIDTH
                0x0000000000117aa5                SCREEN_HEIGHT
                0x0000000000117aa8                TEXT_MODE_BUFFER
                0x0000000000117aac                BLACK_WHITE
 *fill*         0x0000000000117aad        0x3 
 .rodata        0x0000000000117ab0       0x3a binaries/arp.o
 *fill*         0x0000000000117aea        0x2 
 .rodata        0x0000000000117aec       0xcf binaries/dhcp.o
 .rodata        0x0000000000117bbb       0x1a binaries/dns.o
 *fill*         0x0000000000117bd5        0x3 
 .rodata        0x0000000000117bd8       0xc9 binaries/hexdump.o
 *fill*         0x0000000000117ca1        0x3 
 .rodata        0x0000000000117ca4       0x29 binaries/icmp.o
 *fill*         0x0000000000117ccd        0x3 
 .rodata        0x0000000000117cd0       0x6e binaries/ip.o
 *fill*         0x0000000000117d3e        0x2 
 .rodata        0x0000000000117d40       0x4f binaries/net.o
 *fill*         0x0000000000117d8f        0x1 
 .rodata        0x0000000000117d90      0x26f binaries/pdump.o
 *fill*         0x0000000000117fff        0x1 
 .rodata        0x0000000000118000      0x154 binaries/tftp.o
 .rodata        0x0000000000118154       0xc2 binaries/shell.o
 *fill*         0x0000000000118216        0x2 
 .rodata        0x0000000000118218      0x3da binaries/xsh_bank.o
 *fill*         0x00000000001185f2        0x2 
 .rodata        0x00000000001185f4       0x6c binaries/xsh_clear.o
 .rodata        0x0000000000118660      0x1c3 binaries/xsh_date.o
 .rodata        0x0000000000118823        0x9 binaries/xsh_echo.o
 .rodata        0x000000000011882c      0x169 binaries/xsh_help.o
 *fill*         0x0000000000118995        0x3 
 .rodata        0x0000000000118998      0x12e binaries/xsh_kill.o
 *fill*         0x0000000000118ac6        0x2 
 .rodata        0x0000000000118ac8      0x1a8 binaries/xsh_ps.o
 .rodata        0x0000000000118c70       0x3c binaries/xsh_reviewcomment.o
 .rodata        0x0000000000118cac      0x105 binaries/xsh_uptime.o
 *fill*         0x0000000000118db1        0x3 
 .rodata        0x0000000000118db4      0x3a9 binaries/xsh_user.o
                0x000000000011915d                etext = ABSOLUTE (.)
                0x000000000011a000                . = ALIGN (0x1000)
 *fill*         0x000000000011915d      0xea3 

.eh_frame       0x000000000011a000     0x2b90
 .eh_frame      0x000000000011a000       0x48 binaries/ads.o
 .eh_frame      0x000000000011a048       0x38 binaries/ascdate.o
                                         0x50 (size before relaxing)
 .eh_frame      0x000000000011a080       0x34 binaries/bufinit.o
                                         0x4c (size before relaxing)
 .eh_frame      0x000000000011a0b4       0x24 binaries/chprio.o
                                         0x50 (size before relaxing)
 .eh_frame      0x000000000011a0d8       0x24 binaries/clkhandler.o
                                         0x50 (size before relaxing)
 .eh_frame      0x000000000011a0fc       0x24 binaries/clkinit.o
                                         0x50 (size before relaxing)
 .eh_frame      0x000000000011a120       0x24 binaries/close.o
                                         0x50 (size before relaxing)
 .eh_frame      0x000000000011a144       0x24 binaries/control.o
                                         0x50 (size before relaxing)
 .eh_frame      0x000000000011a168       0x48 binaries/create.o
                                         0x88 (size before relaxing)
 .eh_frame      0x000000000011a1b0       0xf0 binaries/deadlock.o
                                        0x130 (size before relaxing)
 .eh_frame      0x000000000011a2a0       0x2c binaries/deposit.o
                                         0x58 (size before relaxing)
 .eh_frame      0x000000000011a2cc       0x6c binaries/evec.o
                                         0xac (size before relaxing)
 .eh_frame      0x000000000011a338       0x24 binaries/exit.o
                                         0x50 (size before relaxing)
 .eh_frame      0x000000000011a35c       0x24 binaries/freebuf.o
                                         0x50 (size before relaxing)
 .eh_frame      0x000000000011a380       0x24 binaries/freemem.o
                                         0x50 (size before relaxing)
 .eh_frame      0x000000000011a3a4       0x24 binaries/getbuf.o
                                         0x50 (size before relaxing)
 .eh_frame      0x000000000011a3c8       0x24 binaries/getc.o
                                         0x50 (size before relaxing)
 .eh_frame      0x000000000011a3ec       0x24 binaries/getdev.o
                                         0x50 (size before relaxing)
 .eh_frame      0x000000000011a410       0x78 binaries/getitem.o
                                         0xa4 (size before relaxing)
 .eh_frame      0x000000000011a488       0x24 binaries/getmem.o
                                         0x50 (size before relaxing)
 .eh_frame      0x000000000011a4ac       0x20 binaries/getpid.o
                                         0x4c (size before relaxing)
 .eh_frame      0x000000000011a4cc       0x24 binaries/getprio.o
                                         0x50 (size before relaxing)
 .eh_frame      0x000000000011a4f0       0x24 binaries/getstk.o
                                         0x50 (size before relaxing)
 .eh_frame      0x000000000011a514       0x20 binaries/getticks.o
                                         0x4c (size before relaxing)
 .eh_frame      0x000000000011a534       0x24 binaries/gettime.o
                                         0x50 (size before relaxing)
 .eh_frame      0x000000000011a558       0x24 binaries/getutime.o
                                         0x50 (size before relaxing)
 .eh_frame      0x000000000011a57c       0x9c binaries/i386.o
                                         0xc8 (size before relaxing)
 .eh_frame      0x000000000011a618       0x24 binaries/init.o
                                         0x50 (size before relaxing)
 .eh_frame      0x000000000011a63c       0xa8 binaries/initialize.o
                                         0xe8 (size before relaxing)
 .eh_frame      0x000000000011a6e4       0x24 binaries/insert.o
                                         0x50 (size before relaxing)
 .eh_frame      0x000000000011a708       0x28 binaries/insertd.o
                                         0x54 (size before relaxing)
 .eh_frame      0x000000000011a730       0x20 binaries/ioerr.o
                                         0x4c (size before relaxing)
 .eh_frame      0x000000000011a750       0x20 binaries/ionull.o
                                         0x4c (size before relaxing)
 .eh_frame      0x000000000011a770       0x2c binaries/kill.o
                                         0x58 (size before relaxing)
 .eh_frame      0x000000000011a79c       0x6c binaries/kprintf.o
                                         0xac (size before relaxing)
 .eh_frame      0x000000000011a808       0x38 binaries/main.o
                                         0x64 (size before relaxing)
 .eh_frame      0x000000000011a840       0x48 binaries/mark.o
                                         0x74 (size before relaxing)
 .eh_frame      0x000000000011a888       0x20 binaries/meminit.o
                                         0x4c (size before relaxing)
 .eh_frame      0x000000000011a8a8       0x24 binaries/mkbufpool.o
                                         0x50 (size before relaxing)
 .eh_frame      0x000000000011a8cc       0x24 binaries/newqueue.o
                                         0x50 (size before relaxing)
 .eh_frame      0x000000000011a8f0       0x24 binaries/open.o
                                         0x50 (size before relaxing)
 .eh_frame      0x000000000011a914       0x1c binaries/panic.o
                                         0x48 (size before relaxing)
 .eh_frame      0x000000000011a930      0x1ec binaries/pci.o
                                        0x240 (size before relaxing)
 .eh_frame      0x000000000011ab1c       0x24 binaries/ptclear.o
                                         0x50 (size before relaxing)
 .eh_frame      0x000000000011ab40       0x24 binaries/ptcount.o
                                         0x50 (size before relaxing)
 .eh_frame      0x000000000011ab64       0x24 binaries/ptcreate.o
                                         0x50 (size before relaxing)
 .eh_frame      0x000000000011ab88       0x24 binaries/ptdelete.o
                                         0x50 (size before relaxing)
 .eh_frame      0x000000000011abac       0x24 binaries/ptinit.o
                                         0x50 (size before relaxing)
 .eh_frame      0x000000000011abd0       0x24 binaries/ptrecv.o
                                         0x50 (size before relaxing)
 .eh_frame      0x000000000011abf4       0x24 binaries/ptreset.o
                                         0x50 (size before relaxing)
 .eh_frame      0x000000000011ac18       0x24 binaries/ptsend.o
                                         0x50 (size before relaxing)
 .eh_frame      0x000000000011ac3c       0x24 binaries/putc.o
                                         0x50 (size before relaxing)
 .eh_frame      0x000000000011ac60       0x8c binaries/queue.o
                                         0xcc (size before relaxing)
 .eh_frame      0x000000000011acec       0x24 binaries/read.o
                                         0x50 (size before relaxing)
 .eh_frame      0x000000000011ad10       0x28 binaries/ready.o
                                         0x54 (size before relaxing)
 .eh_frame      0x000000000011ad38       0x24 binaries/receive.o
                                         0x50 (size before relaxing)
 .eh_frame      0x000000000011ad5c       0x24 binaries/recvclr.o
                                         0x50 (size before relaxing)
 .eh_frame      0x000000000011ad80       0x24 binaries/recvtime.o
                                         0x50 (size before relaxing)
 .eh_frame      0x000000000011ada4       0x48 binaries/resched.o
                                         0x88 (size before relaxing)
 .eh_frame      0x000000000011adec       0x24 binaries/resume.o
                                         0x50 (size before relaxing)
 .eh_frame      0x000000000011ae10       0x48 binaries/review_comment.o
                                         0x74 (size before relaxing)
 .eh_frame      0x000000000011ae58       0x1c binaries/ring.o
                                         0x48 (size before relaxing)
 .eh_frame      0x000000000011ae74       0x24 binaries/seek.o
                                         0x50 (size before relaxing)
 .eh_frame      0x000000000011ae98       0x24 binaries/semcount.o
                                         0x50 (size before relaxing)
 .eh_frame      0x000000000011aebc       0x48 binaries/semcreate.o
                                         0x88 (size before relaxing)
 .eh_frame      0x000000000011af04       0x24 binaries/semdelete.o
                                         0x50 (size before relaxing)
 .eh_frame      0x000000000011af28       0x24 binaries/semreset.o
                                         0x50 (size before relaxing)
 .eh_frame      0x000000000011af4c       0x24 binaries/send.o
                                         0x50 (size before relaxing)
 .eh_frame      0x000000000011af70       0x24 binaries/signal.o
                                         0x50 (size before relaxing)
 .eh_frame      0x000000000011af94       0x24 binaries/signaln.o
                                         0x50 (size before relaxing)
 .eh_frame      0x000000000011afb8       0x44 binaries/sleep.o
                                         0x84 (size before relaxing)
 .eh_frame      0x000000000011affc       0x24 binaries/stacktrace.o
                                         0x50 (size before relaxing)
 .eh_frame      0x000000000011b020       0x24 binaries/suspend.o
                                         0x50 (size before relaxing)
 .eh_frame      0x000000000011b044       0x2c binaries/transfer.o
                                         0x58 (size before relaxing)
 .eh_frame      0x000000000011b070       0x24 binaries/unsleep.o
                                         0x50 (size before relaxing)
 .eh_frame      0x000000000011b094       0x24 binaries/userret.o
                                         0x50 (size before relaxing)
 .eh_frame      0x000000000011b0b8       0x24 binaries/wait.o
                                         0x50 (size before relaxing)
 .eh_frame      0x000000000011b0dc       0x24 binaries/wakeup.o
                                         0x50 (size before relaxing)
 .eh_frame      0x000000000011b100       0x2c binaries/withdraw.o
                                         0x58 (size before relaxing)
 .eh_frame      0x000000000011b12c       0x24 binaries/write.o
                                         0x50 (size before relaxing)
 .eh_frame      0x000000000011b150       0x24 binaries/xdone.o
                                         0x50 (size before relaxing)
 .eh_frame      0x000000000011b174       0x24 binaries/yield.o
                                         0x50 (size before relaxing)
 .eh_frame      0x000000000011b198       0x20 binaries/abs.o
                                         0x4c (size before relaxing)
 .eh_frame      0x000000000011b1b8       0x20 binaries/atoi.o
                                         0x4c (size before relaxing)
 .eh_frame      0x000000000011b1d8       0x20 binaries/atol.o
                                         0x4c (size before relaxing)
 .eh_frame      0x000000000011b1f8       0x20 binaries/bzero.o
                                         0x4c (size before relaxing)
 .eh_frame      0x000000000011b218       0xec binaries/doprnt.o
                                        0x140 (size before relaxing)
 .eh_frame      0x000000000011b304       0xc8 binaries/doscan.o
                                         0xf4 (size before relaxing)
 .eh_frame      0x000000000011b3cc       0xcc binaries/fdoprnt.o
                                        0x10c (size before relaxing)
 .eh_frame      0x000000000011b498       0x24 binaries/fgetc.o
                                         0x50 (size before relaxing)
 .eh_frame      0x000000000011b4bc       0x24 binaries/fgets.o
                                         0x50 (size before relaxing)
 .eh_frame      0x000000000011b4e0       0x24 binaries/fprintf.o
                                         0x50 (size before relaxing)
 .eh_frame      0x000000000011b504       0x24 binaries/fputc.o
                                         0x50 (size before relaxing)
 .eh_frame      0x000000000011b528       0x24 binaries/fputs.o
                                         0x50 (size before relaxing)
 .eh_frame      0x000000000011b54c       0x68 binaries/fscanf.o
                                         0x94 (size before relaxing)
 .eh_frame      0x000000000011b5b4       0x24 binaries/getchar.o
                                         0x50 (size before relaxing)
 .eh_frame      0x000000000011b5d8       0x20 binaries/labs.o
                                         0x4c (size before relaxing)
 .eh_frame      0x000000000011b5f8       0x20 binaries/memcmp.o
                                         0x4c (size before relaxing)
 .eh_frame      0x000000000011b618       0x24 binaries/memcpy.o
                                         0x50 (size before relaxing)
 .eh_frame      0x000000000011b63c       0x24 binaries/memset.o
                                         0x50 (size before relaxing)
 .eh_frame      0x000000000011b660       0x24 binaries/printf.o
                                         0x50 (size before relaxing)
 .eh_frame      0x000000000011b684       0x24 binaries/putchar.o
                                         0x50 (size before relaxing)
 .eh_frame      0x000000000011b6a8       0xa4 binaries/qsort.o
                                         0xd0 (size before relaxing)
 .eh_frame      0x000000000011b74c       0x60 binaries/rand.o
                                         0x8c (size before relaxing)
 .eh_frame      0x000000000011b7ac       0x44 binaries/sprintf.o
                                         0x70 (size before relaxing)
 .eh_frame      0x000000000011b7f0       0x64 binaries/sscanf.o
                                         0x90 (size before relaxing)
 .eh_frame      0x000000000011b854       0x20 binaries/strchr.o
                                         0x4c (size before relaxing)
 .eh_frame      0x000000000011b874       0x20 binaries/strcmp.o
                                         0x4c (size before relaxing)
 .eh_frame      0x000000000011b894       0x20 binaries/strcpy.o
                                         0x4c (size before relaxing)
 .eh_frame      0x000000000011b8b4       0x20 binaries/strlen.o
                                         0x4c (size before relaxing)
 .eh_frame      0x000000000011b8d4       0x20 binaries/strncat.o
                                         0x4c (size before relaxing)
 .eh_frame      0x000000000011b8f4       0x20 binaries/strncmp.o
                                         0x4c (size before relaxing)
 .eh_frame      0x000000000011b914       0x28 binaries/strncpy.o
                                         0x54 (size before relaxing)
 .eh_frame      0x000000000011b93c       0x20 binaries/strnlen.o
                                         0x4c (size before relaxing)
 .eh_frame      0x000000000011b95c       0x20 binaries/strrchr.o
                                         0x4c (size before relaxing)
 .eh_frame      0x000000000011b97c       0x20 binaries/strstr.o
                                         0x4c (size before relaxing)
 .eh_frame      0x000000000011b99c       0x24 binaries/ttycontrol.o
                                         0x50 (size before relaxing)
 .eh_frame      0x000000000011b9c0       0x24 binaries/ttygetc.o
                                         0x50 (size before relaxing)
 .eh_frame      0x000000000011b9e4       0x88 binaries/ttyhandle_in.o
                                         0xdc (size before relaxing)
 .eh_frame      0x000000000011ba6c       0x24 binaries/ttyhandle_out.o
                                         0x50 (size before relaxing)
 .eh_frame      0x000000000011ba90       0x24 binaries/ttyhandler.o
                                         0x50 (size before relaxing)
 .eh_frame      0x000000000011bab4       0x24 binaries/ttyinit.o
                                         0x50 (size before relaxing)
 .eh_frame      0x000000000011bad8       0x24 binaries/ttykickout.o
                                         0x50 (size before relaxing)
 .eh_frame      0x000000000011bafc       0x24 binaries/ttyputc.o
                                         0x50 (size before relaxing)
 .eh_frame      0x000000000011bb20       0x24 binaries/ttyread.o
                                         0x50 (size before relaxing)
 .eh_frame      0x000000000011bb44       0x24 binaries/ttywrite.o
                                         0x50 (size before relaxing)
 .eh_frame      0x000000000011bb68      0x158 binaries/82545EMInit.o
                                        0x198 (size before relaxing)
 .eh_frame      0x000000000011bcc0       0xac binaries/ethcontrol.o
                                        0x100 (size before relaxing)
 .eh_frame      0x000000000011bd6c       0x90 binaries/ethhandler.o
                                         0xd0 (size before relaxing)
 .eh_frame      0x000000000011bdfc       0x24 binaries/ethinit.o
                                         0x50 (size before relaxing)
 .eh_frame      0x000000000011be20       0x6c binaries/ethread.o
                                         0x98 (size before relaxing)
 .eh_frame      0x000000000011be8c       0x6c binaries/ethwrite.o
                                         0x98 (size before relaxing)
 .eh_frame      0x000000000011bef8       0x20 binaries/ramclose.o
                                         0x4c (size before relaxing)
 .eh_frame      0x000000000011bf18       0x24 binaries/raminit.o
                                         0x50 (size before relaxing)
 .eh_frame      0x000000000011bf3c       0x20 binaries/ramopen.o
                                         0x4c (size before relaxing)
 .eh_frame      0x000000000011bf5c       0x24 binaries/ramread.o
                                         0x50 (size before relaxing)
 .eh_frame      0x000000000011bf80       0x24 binaries/ramwrite.o
                                         0x50 (size before relaxing)
 .eh_frame      0x000000000011bfa4      0x1dc binaries/vga.o
                                        0x21c (size before relaxing)
 .eh_frame      0x000000000011c180       0xd0 binaries/arp.o
                                        0x124 (size before relaxing)
 .eh_frame      0x000000000011c250       0xac binaries/dhcp.o
                                         0xec (size before relaxing)
 .eh_frame      0x000000000011c2fc       0x90 binaries/dns.o
                                         0xd0 (size before relaxing)
 .eh_frame      0x000000000011c38c       0x20 binaries/dot2ip.o
                                         0x4c (size before relaxing)
 .eh_frame      0x000000000011c3ac       0x48 binaries/hexdump.o
                                         0x74 (size before relaxing)
 .eh_frame      0x000000000011c3f4      0x168 binaries/icmp.o
                                        0x1bc (size before relaxing)
 .eh_frame      0x000000000011c55c      0x130 binaries/ip.o
                                        0x170 (size before relaxing)
 .eh_frame      0x000000000011c68c       0xa8 binaries/net.o
                                         0xfc (size before relaxing)
 .eh_frame      0x000000000011c734       0x60 binaries/pdump.o
                                         0xa0 (size before relaxing)
 .eh_frame      0x000000000011c794       0x68 binaries/tftp.o
                                         0xa8 (size before relaxing)
 .eh_frame      0x000000000011c7fc      0x160 binaries/udp.o
                                        0x1b4 (size before relaxing)
 .eh_frame      0x000000000011c95c       0x24 binaries/addargs.o
                                         0x50 (size before relaxing)
 .eh_frame      0x000000000011c980       0x20 binaries/lexan.o
                                         0x4c (size before relaxing)
 .eh_frame      0x000000000011c9a0       0x2c binaries/shell.o
                                         0x58 (size before relaxing)
 .eh_frame      0x000000000011c9cc       0x2c binaries/xsh_bank.o
                                         0x58 (size before relaxing)
 .eh_frame      0x000000000011c9f8       0x24 binaries/xsh_clear.o
                                         0x50 (size before relaxing)
 .eh_frame      0x000000000011ca1c       0x2c binaries/xsh_date.o
                                         0x58 (size before relaxing)
 .eh_frame      0x000000000011ca48       0x24 binaries/xsh_echo.o
                                         0x50 (size before relaxing)
 .eh_frame      0x000000000011ca6c       0x20 binaries/xsh_exit.o
                                         0x4c (size before relaxing)
 .eh_frame      0x000000000011ca8c       0x2c binaries/xsh_help.o
                                         0x58 (size before relaxing)
 .eh_frame      0x000000000011cab8       0x2c binaries/xsh_kill.o
                                         0x58 (size before relaxing)
 .eh_frame      0x000000000011cae4       0x30 binaries/xsh_ps.o
                                         0x5c (size before relaxing)
 .eh_frame      0x000000000011cb14       0x24 binaries/xsh_reviewcomment.o
                                         0x50 (size before relaxing)
 .eh_frame      0x000000000011cb38       0x2c binaries/xsh_uptime.o
                                         0x58 (size before relaxing)
 .eh_frame      0x000000000011cb64       0x2c binaries/xsh_user.o
                                         0x58 (size before relaxing)

.iplt           0x000000000011cb90        0x0
 .iplt          0x000000000011cb90        0x0 binaries/start.o

.rel.dyn        0x000000000011cb90        0x0
 .rel.got       0x000000000011cb90        0x0 binaries/start.o
 .rel.iplt      0x000000000011cb90        0x0 binaries/start.o
 .rel.text      0x000000000011cb90        0x0 binaries/start.o

.data           0x000000000011cba0     0x1460
                0x000000000011cba0                data = ABSOLUTE (.)
 *(.data .data.*)
 .data          0x000000000011cba0      0x460 binaries/start.o
                0x000000000011cba0                gdt
                0x000000000011cbe0                gdtr
                0x000000000011cbe6                idt
                0x000000000011cfe6                idtr
                0x000000000011cfec                cpudelay
                0x000000000011cff0                _bootdev
                0x000000000011cff4                _cyloffset
 .data          0x000000000011d000        0x0 binaries/ads.o
 .data          0x000000000011d000        0x0 binaries/ascdate.o
 .data.rel.local
                0x000000000011d000       0x88 binaries/ascdate.o
                0x000000000011d000                Date
 .data          0x000000000011d088        0x0 binaries/bufinit.o
 .data          0x000000000011d088        0x0 binaries/chprio.o
 .data          0x000000000011d088        0x4 binaries/clkhandler.o
 .data          0x000000000011d08c        0x0 binaries/clkinit.o
 .data          0x000000000011d08c        0x0 binaries/close.o
 .data          0x000000000011d08c        0x0 binaries/conf.o
 *fill*         0x000000000011d08c       0x14 
 .data.rel      0x000000000011d0a0      0x12c binaries/conf.o
                0x000000000011d0a0                devtab
 .data          0x000000000011d1cc        0x0 binaries/control.o
 .data          0x000000000011d1cc        0x4 binaries/create.o
 .data          0x000000000011d1d0        0x0 binaries/deadlock.o
 .data          0x000000000011d1d0        0x0 binaries/deposit.o
 .data          0x000000000011d1d0        0x0 binaries/evec.o
 *fill*         0x000000000011d1d0       0x10 
 .data.rel.local
                0x000000000011d1e0       0x40 binaries/evec.o
                0x000000000011d1e0                inames
 .data          0x000000000011d220        0x0 binaries/exit.o
 .data          0x000000000011d220        0x0 binaries/freebuf.o
 .data          0x000000000011d220        0x0 binaries/freemem.o
 .data          0x000000000011d220        0x0 binaries/getbuf.o
 .data          0x000000000011d220        0x0 binaries/getc.o
 .data          0x000000000011d220        0x0 binaries/getdev.o
 .data          0x000000000011d220        0x0 binaries/getitem.o
 .data          0x000000000011d220        0x0 binaries/getmem.o
 .data          0x000000000011d220        0x0 binaries/getpid.o
 .data          0x000000000011d220        0x0 binaries/getprio.o
 .data          0x000000000011d220        0x0 binaries/getstk.o
 .data          0x000000000011d220        0x0 binaries/getticks.o
 .data          0x000000000011d220        0x0 binaries/gettime.o
 .data          0x000000000011d220        0x0 binaries/getutime.o
 .data          0x000000000011d220       0x40 binaries/i386.o
                0x000000000011d220                gdt_copy
 .data          0x000000000011d260        0x0 binaries/init.o
 .data          0x000000000011d260       0x20 binaries/initialize.o
                0x000000000011d260                AvailableResources
                0x000000000011d268                MaxResources
 .data          0x000000000011d280        0x0 binaries/insert.o
 .data          0x000000000011d280        0x0 binaries/insertd.o
 .data          0x000000000011d280        0x0 binaries/ioerr.o
 .data          0x000000000011d280        0x0 binaries/ionull.o
 .data          0x000000000011d280        0x0 binaries/kill.o
 .data          0x000000000011d280        0x0 binaries/kprintf.o
 .data          0x000000000011d280        0x0 binaries/main.o
 .data          0x000000000011d280        0x0 binaries/mark.o
 .data          0x000000000011d280        0x0 binaries/meminit.o
 .data          0x000000000011d280        0x0 binaries/mkbufpool.o
 .data          0x000000000011d280        0x2 binaries/newqueue.o
 .data          0x000000000011d282        0x0 binaries/open.o
 .data          0x000000000011d282        0x0 binaries/panic.o
 *fill*         0x000000000011d282        0x2 
 .data          0x000000000011d284       0x10 binaries/pci.o
 .data          0x000000000011d294        0x0 binaries/ptclear.o
 .data          0x000000000011d294        0x0 binaries/ptcount.o
 .data          0x000000000011d294        0x0 binaries/ptcreate.o
 .data          0x000000000011d294        0x0 binaries/ptdelete.o
 .data          0x000000000011d294        0x0 binaries/ptinit.o
 .data          0x000000000011d294        0x0 binaries/ptrecv.o
 .data          0x000000000011d294        0x0 binaries/ptreset.o
 .data          0x000000000011d294        0x0 binaries/ptsend.o
 .data          0x000000000011d294        0x0 binaries/putc.o
 .data          0x000000000011d294        0x0 binaries/queue.o
 .data          0x000000000011d294        0x0 binaries/read.o
 .data          0x000000000011d294        0x0 binaries/ready.o
 .data          0x000000000011d294        0x0 binaries/receive.o
 .data          0x000000000011d294        0x0 binaries/recvclr.o
 .data          0x000000000011d294        0x0 binaries/recvtime.o
 .data          0x000000000011d294        0x0 binaries/resched.o
 .data          0x000000000011d294        0x0 binaries/resume.o
 .data          0x000000000011d294        0x0 binaries/review_comment.o
 .data          0x000000000011d294        0x0 binaries/ring.o
 .data          0x000000000011d294        0x0 binaries/seek.o
 .data          0x000000000011d294        0x0 binaries/semcount.o
 .data          0x000000000011d294        0x0 binaries/semcreate.o
 .data          0x000000000011d294        0x0 binaries/semdelete.o
 .data          0x000000000011d294        0x0 binaries/semreset.o
 .data          0x000000000011d294        0x0 binaries/send.o
 .data          0x000000000011d294        0x0 binaries/signal.o
 .data          0x000000000011d294        0x0 binaries/signaln.o
 .data          0x000000000011d294        0x0 binaries/sleep.o
 .data          0x000000000011d294        0x0 binaries/stacktrace.o
 .data          0x000000000011d294        0x0 binaries/suspend.o
 .data          0x000000000011d294        0x0 binaries/transfer.o
 .data          0x000000000011d294        0x0 binaries/unsleep.o
 .data          0x000000000011d294        0x0 binaries/userret.o
 .data          0x000000000011d294        0x0 binaries/wait.o
 .data          0x000000000011d294        0x0 binaries/wakeup.o
 .data          0x000000000011d294        0x0 binaries/withdraw.o
 .data          0x000000000011d294        0x0 binaries/write.o
 .data          0x000000000011d294        0x0 binaries/xdone.o
 .data          0x000000000011d294        0x0 binaries/yield.o
 .data          0x000000000011d294        0x0 binaries/abs.o
 .data          0x000000000011d294        0x0 binaries/atoi.o
 .data          0x000000000011d294        0x0 binaries/atol.o
 .data          0x000000000011d294        0x0 binaries/bzero.o
 .data          0x000000000011d294        0x0 binaries/ctype_.o
 .data          0x000000000011d294        0x0 binaries/doprnt.o
 *fill*         0x000000000011d294        0xc 
 .data          0x000000000011d2a0       0x80 binaries/doscan.o
                0x000000000011d2a0                _sctab
 .data          0x000000000011d320        0x0 binaries/fdoprnt.o
 .data          0x000000000011d320        0x0 binaries/fgetc.o
 .data          0x000000000011d320        0x0 binaries/fgets.o
 .data          0x000000000011d320        0x0 binaries/fprintf.o
 .data          0x000000000011d320        0x0 binaries/fputc.o
 .data          0x000000000011d320        0x0 binaries/fputs.o
 .data          0x000000000011d320        0x0 binaries/fscanf.o
 .data          0x000000000011d320        0x0 binaries/getchar.o
 .data          0x000000000011d320        0x0 binaries/labs.o
 .data          0x000000000011d320        0x0 binaries/memchr.o
 .data          0x000000000011d320        0x0 binaries/memcmp.o
 .data          0x000000000011d320        0x0 binaries/memcpy.o
 .data          0x000000000011d320        0x0 binaries/memset.o
 .data          0x000000000011d320        0x0 binaries/printf.o
 .data          0x000000000011d320        0x0 binaries/putchar.o
 .data          0x000000000011d320        0x0 binaries/qsort.o
 .data          0x000000000011d320        0x4 binaries/rand.o
 .data          0x000000000011d324        0x0 binaries/sprintf.o
 .data          0x000000000011d324        0x0 binaries/sscanf.o
 .data          0x000000000011d324        0x0 binaries/strchr.o
 .data          0x000000000011d324        0x0 binaries/strcmp.o
 .data          0x000000000011d324        0x0 binaries/strcpy.o
 .data          0x000000000011d324        0x0 binaries/strlen.o
 .data          0x000000000011d324        0x0 binaries/strncat.o
 .data          0x000000000011d324        0x0 binaries/strncmp.o
 .data          0x000000000011d324        0x0 binaries/strncpy.o
 .data          0x000000000011d324        0x0 binaries/strnlen.o
 .data          0x000000000011d324        0x0 binaries/strrchr.o
 .data          0x000000000011d324        0x0 binaries/strstr.o
 .data          0x000000000011d324        0x0 binaries/ttycontrol.o
 .data          0x000000000011d324        0x0 binaries/ttygetc.o
 .data          0x000000000011d324        0x0 binaries/ttyhandle_in.o
 .data          0x000000000011d324        0x0 binaries/ttyhandle_out.o
 .data          0x000000000011d324        0x0 binaries/ttyhandler.o
 .data          0x000000000011d324        0x0 binaries/ttyinit.o
 .data          0x000000000011d324        0x0 binaries/ttykickout.o
 .data          0x000000000011d324        0x0 binaries/ttyputc.o
 .data          0x000000000011d324        0x0 binaries/ttyread.o
 .data          0x000000000011d324        0x0 binaries/ttywrite.o
 .data          0x000000000011d324        0x0 binaries/82545EMInit.o
 .data          0x000000000011d324        0x0 binaries/ethcontrol.o
 .data          0x000000000011d324        0x0 binaries/ethhandler.o
 .data          0x000000000011d324        0x0 binaries/ethinit.o
 .data          0x000000000011d324        0x0 binaries/ethread.o
 .data          0x000000000011d324        0x0 binaries/ethwrite.o
 .data          0x000000000011d324        0x0 binaries/ramclose.o
 .data          0x000000000011d324        0x0 binaries/raminit.o
 .data          0x000000000011d324        0x0 binaries/ramopen.o
 .data          0x000000000011d324        0x0 binaries/ramread.o
 .data          0x000000000011d324        0x0 binaries/ramwrite.o
 .data          0x000000000011d324        0x0 binaries/vga.o
 .data          0x000000000011d324        0x0 binaries/arp.o
 .data          0x000000000011d324        0x0 binaries/dhcp.o
 .data          0x000000000011d324        0x0 binaries/dns.o
 .data          0x000000000011d324        0x0 binaries/dot2ip.o
 .data          0x000000000011d324        0x0 binaries/hexdump.o
 .data          0x000000000011d324        0x4 binaries/icmp.o
 .data          0x000000000011d328        0x0 binaries/ip.o
 .data          0x000000000011d328        0x0 binaries/net.o
 .data          0x000000000011d328        0x0 binaries/pdump.o
 .data          0x000000000011d328        0x0 binaries/tftp.o
 .data          0x000000000011d328        0x4 binaries/udp.o
 .data          0x000000000011d32c        0x0 binaries/addargs.o
 .data          0x000000000011d32c        0x0 binaries/lexan.o
 .data          0x000000000011d32c        0x4 binaries/shell.o
                0x000000000011d32c                ncmd
 *fill*         0x000000000011d330       0x10 
 .data.rel.ro   0x000000000011d340       0x90 binaries/shell.o
                0x000000000011d340                cmdtab
 .data          0x000000000011d3d0        0x0 binaries/xsh_bank.o
 .data          0x000000000011d3d0        0x0 binaries/xsh_clear.o
 .data          0x000000000011d3d0        0x0 binaries/xsh_date.o
 .data          0x000000000011d3d0        0x0 binaries/xsh_echo.o
 .data          0x000000000011d3d0        0x0 binaries/xsh_exit.o
 .data          0x000000000011d3d0        0x0 binaries/xsh_help.o
 .data          0x000000000011d3d0        0x0 binaries/xsh_kill.o
 *fill*         0x000000000011d3d0       0x10 
 .data          0x000000000011d3e0       0x20 binaries/xsh_ps.o
 .data          0x000000000011d400        0x0 binaries/xsh_reviewcomment.o
 .data          0x000000000011d400        0x0 binaries/xsh_uptime.o
 .data          0x000000000011d400        0x0 binaries/xsh_user.o
 .data          0x000000000011d400        0x0 binaries/clkdisp.o
 .data          0x000000000011d400        0x0 binaries/ctxsw.o
 .data          0x000000000011d400        0x0 binaries/intr.o
 .data          0x000000000011d400        0x0 binaries/ttydispatch.o
 .data          0x000000000011d400        0x0 binaries/ethdispatch.o
                0x000000000011d400                edata = ABSOLUTE (.)
                0x000000000011d400                _edata = ABSOLUTE (.)
                0x000000000011e000                . = ALIGN (0x1000)
 *fill*         0x000000000011d400      0xc00 

.got            0x000000000011e000        0x0
 .got           0x000000000011e000        0x0 binaries/start.o

.got.plt        0x000000000011e000        0xc
 .got.plt       0x000000000011e000        0xc binaries/start.o
                0x000000000011e000                _GLOBAL_OFFSET_TABLE_

.igot.plt       0x000000000011e00c        0x0
 .igot.plt      0x000000000011e00c        0x0 binaries/start.o

.bss            0x000000000011e020    0x1cfe0
                0x000000000011e020                bss = ABSOLUTE (.)
 *(.bss .bss.*)
 .bss           0x000000000011e020        0x0 binaries/start.o
 .bss           0x000000000011e020        0x0 binaries/ads.o
 .bss           0x000000000011e020        0x0 binaries/ascdate.o
 .bss           0x000000000011e020        0x0 binaries/bufinit.o
 .bss           0x000000000011e020        0x0 binaries/chprio.o
 .bss           0x000000000011e020        0x0 binaries/clkhandler.o
 .bss           0x000000000011e020        0x4 binaries/clkinit.o
                0x000000000011e020                ctr1000
 .bss           0x000000000011e024        0x0 binaries/close.o
 .bss           0x000000000011e024        0x0 binaries/conf.o
 .bss           0x000000000011e024        0x0 binaries/control.o
 .bss           0x000000000011e024        0x0 binaries/create.o
 .bss           0x000000000011e024        0x0 binaries/deadlock.o
 .bss           0x000000000011e024        0x0 binaries/deposit.o
 .bss           0x000000000011e024        0x4 binaries/evec.o
 .bss           0x000000000011e028        0x0 binaries/exit.o
 .bss           0x000000000011e028        0x0 binaries/freebuf.o
 .bss           0x000000000011e028        0x0 binaries/freemem.o
 .bss           0x000000000011e028        0x0 binaries/getbuf.o
 .bss           0x000000000011e028        0x0 binaries/getc.o
 .bss           0x000000000011e028        0x0 binaries/getdev.o
 .bss           0x000000000011e028        0x0 binaries/getitem.o
 .bss           0x000000000011e028        0x0 binaries/getmem.o
 .bss           0x000000000011e028        0x0 binaries/getpid.o
 .bss           0x000000000011e028        0x0 binaries/getprio.o
 .bss           0x000000000011e028        0x0 binaries/getstk.o
 .bss           0x000000000011e028        0x0 binaries/getticks.o
 .bss           0x000000000011e028        0x0 binaries/gettime.o
 .bss           0x000000000011e028        0x0 binaries/getutime.o
 .bss           0x000000000011e028        0x0 binaries/i386.o
 .bss           0x000000000011e028        0x0 binaries/init.o
 .bss           0x000000000011e028       0x24 binaries/initialize.o
                0x000000000011e028                AlarmIndex
                0x000000000011e02c                LoggedIn
                0x000000000011e030                TotalBankAccounts
                0x000000000011e034                AllocatedResources
 .bss           0x000000000011e04c        0x0 binaries/insert.o
 .bss           0x000000000011e04c        0x0 binaries/insertd.o
 .bss           0x000000000011e04c        0x0 binaries/ioerr.o
 .bss           0x000000000011e04c        0x0 binaries/ionull.o
 .bss           0x000000000011e04c        0x0 binaries/kill.o
 .bss           0x000000000011e04c        0x0 binaries/kprintf.o
 .bss           0x000000000011e04c        0x0 binaries/main.o
 .bss           0x000000000011e04c        0x0 binaries/mark.o
 .bss           0x000000000011e04c        0x0 binaries/meminit.o
 .bss           0x000000000011e04c        0x0 binaries/mkbufpool.o
 .bss           0x000000000011e04c        0x0 binaries/newqueue.o
 .bss           0x000000000011e04c        0x0 binaries/open.o
 .bss           0x000000000011e04c        0x0 binaries/panic.o
 .bss           0x000000000011e04c        0xc binaries/pci.o
 .bss           0x000000000011e058        0x0 binaries/ptclear.o
 .bss           0x000000000011e058        0x0 binaries/ptcount.o
 .bss           0x000000000011e058        0x0 binaries/ptcreate.o
 .bss           0x000000000011e058        0x0 binaries/ptdelete.o
 .bss           0x000000000011e058        0x0 binaries/ptinit.o
 .bss           0x000000000011e058        0x0 binaries/ptrecv.o
 .bss           0x000000000011e058        0x0 binaries/ptreset.o
 .bss           0x000000000011e058        0x0 binaries/ptsend.o
 .bss           0x000000000011e058        0x0 binaries/putc.o
 .bss           0x000000000011e058        0x0 binaries/queue.o
 .bss           0x000000000011e058        0x0 binaries/read.o
 .bss           0x000000000011e058        0x0 binaries/ready.o
 .bss           0x000000000011e058        0x0 binaries/receive.o
 .bss           0x000000000011e058        0x0 binaries/recvclr.o
 .bss           0x000000000011e058        0x0 binaries/recvtime.o
 .bss           0x000000000011e058        0x0 binaries/resched.o
 .bss           0x000000000011e058        0x0 binaries/resume.o
 .bss           0x000000000011e058        0x0 binaries/review_comment.o
 .bss           0x000000000011e058        0x0 binaries/ring.o
 .bss           0x000000000011e058        0x0 binaries/seek.o
 .bss           0x000000000011e058        0x0 binaries/semcount.o
 .bss           0x000000000011e058        0x4 binaries/semcreate.o
 .bss           0x000000000011e05c        0x0 binaries/semdelete.o
 .bss           0x000000000011e05c        0x0 binaries/semreset.o
 .bss           0x000000000011e05c        0x0 binaries/send.o
 .bss           0x000000000011e05c        0x0 binaries/signal.o
 .bss           0x000000000011e05c        0x0 binaries/signaln.o
 .bss           0x000000000011e05c        0x0 binaries/sleep.o
 .bss           0x000000000011e05c        0x0 binaries/stacktrace.o
 .bss           0x000000000011e05c        0x0 binaries/suspend.o
 .bss           0x000000000011e05c        0x0 binaries/transfer.o
 .bss           0x000000000011e05c        0x0 binaries/unsleep.o
 .bss           0x000000000011e05c        0x0 binaries/userret.o
 .bss           0x000000000011e05c        0x0 binaries/wait.o
 .bss           0x000000000011e05c        0x0 binaries/wakeup.o
 .bss           0x000000000011e05c        0x0 binaries/withdraw.o
 .bss           0x000000000011e05c        0x0 binaries/write.o
 .bss           0x000000000011e05c        0x0 binaries/xdone.o
 .bss           0x000000000011e05c        0x0 binaries/yield.o
 .bss           0x000000000011e05c        0x0 binaries/abs.o
 .bss           0x000000000011e05c        0x0 binaries/atoi.o
 .bss           0x000000000011e05c        0x0 binaries/atol.o
 .bss           0x000000000011e05c        0x0 binaries/bzero.o
 .bss           0x000000000011e05c        0x0 binaries/ctype_.o
 .bss           0x000000000011e05c        0x0 binaries/doprnt.o
 .bss           0x000000000011e05c        0x0 binaries/doscan.o
 .bss           0x000000000011e05c        0x0 binaries/fdoprnt.o
 .bss           0x000000000011e05c        0x0 binaries/fgetc.o
 .bss           0x000000000011e05c        0x0 binaries/fgets.o
 .bss           0x000000000011e05c        0x0 binaries/fprintf.o
 .bss           0x000000000011e05c        0x0 binaries/fputc.o
 .bss           0x000000000011e05c        0x0 binaries/fputs.o
 .bss           0x000000000011e05c        0x0 binaries/fscanf.o
 .bss           0x000000000011e05c        0x0 binaries/getchar.o
 .bss           0x000000000011e05c        0x0 binaries/labs.o
 .bss           0x000000000011e05c        0x0 binaries/memchr.o
 .bss           0x000000000011e05c        0x0 binaries/memcmp.o
 .bss           0x000000000011e05c        0x0 binaries/memcpy.o
 .bss           0x000000000011e05c        0x0 binaries/memset.o
 .bss           0x000000000011e05c        0x0 binaries/printf.o
 .bss           0x000000000011e05c        0x0 binaries/putchar.o
 .bss           0x000000000011e05c        0x8 binaries/qsort.o
 .bss           0x000000000011e064        0x0 binaries/rand.o
 .bss           0x000000000011e064        0x0 binaries/sprintf.o
 .bss           0x000000000011e064        0x0 binaries/sscanf.o
 .bss           0x000000000011e064        0x0 binaries/strchr.o
 .bss           0x000000000011e064        0x0 binaries/strcmp.o
 .bss           0x000000000011e064        0x0 binaries/strcpy.o
 .bss           0x000000000011e064        0x0 binaries/strlen.o
 .bss           0x000000000011e064        0x0 binaries/strncat.o
 .bss           0x000000000011e064        0x0 binaries/strncmp.o
 .bss           0x000000000011e064        0x0 binaries/strncpy.o
 .bss           0x000000000011e064        0x0 binaries/strnlen.o
 .bss           0x000000000011e064        0x0 binaries/strrchr.o
 .bss           0x000000000011e064        0x0 binaries/strstr.o
 .bss           0x000000000011e064        0x0 binaries/ttycontrol.o
 .bss           0x000000000011e064        0x0 binaries/ttygetc.o
 .bss           0x000000000011e064        0x0 binaries/ttyhandle_in.o
 .bss           0x000000000011e064        0x0 binaries/ttyhandle_out.o
 .bss           0x000000000011e064        0x0 binaries/ttyhandler.o
 .bss           0x000000000011e064        0x0 binaries/ttyinit.o
 .bss           0x000000000011e064        0x0 binaries/ttykickout.o
 .bss           0x000000000011e064        0x0 binaries/ttyputc.o
 .bss           0x000000000011e064        0x0 binaries/ttyread.o
 .bss           0x000000000011e064        0x0 binaries/ttywrite.o
 .bss           0x000000000011e064        0x0 binaries/82545EMInit.o
 .bss           0x000000000011e064        0x0 binaries/ethcontrol.o
 .bss           0x000000000011e064        0x0 binaries/ethhandler.o
 .bss           0x000000000011e064        0x0 binaries/ethinit.o
 .bss           0x000000000011e064        0x0 binaries/ethread.o
 .bss           0x000000000011e064        0x0 binaries/ethwrite.o
 .bss           0x000000000011e064        0x0 binaries/ramclose.o
 .bss           0x000000000011e064        0x0 binaries/raminit.o
 .bss           0x000000000011e064        0x0 binaries/ramopen.o
 .bss           0x000000000011e064        0x0 binaries/ramread.o
 .bss           0x000000000011e064        0x0 binaries/ramwrite.o
 .bss           0x000000000011e064        0x2 binaries/vga.o
                0x000000000011e064                curr
 .bss           0x000000000011e066        0x0 binaries/arp.o
 .bss           0x000000000011e066        0x0 binaries/dhcp.o
 .bss           0x000000000011e066        0x0 binaries/dns.o
 .bss           0x000000000011e066        0x0 binaries/dot2ip.o
 .bss           0x000000000011e066        0x0 binaries/hexdump.o
 .bss           0x000000000011e066        0x0 binaries/icmp.o
 .bss           0x000000000011e066        0x0 binaries/ip.o
 .bss           0x000000000011e066        0x0 binaries/net.o
 .bss           0x000000000011e066        0x0 binaries/pdump.o
 .bss           0x000000000011e066        0x0 binaries/tftp.o
 .bss           0x000000000011e066        0x0 binaries/udp.o
 .bss           0x000000000011e066        0x0 binaries/addargs.o
 .bss           0x000000000011e066        0x0 binaries/lexan.o
 .bss           0x000000000011e066        0x0 binaries/shell.o
 .bss           0x000000000011e066        0x0 binaries/xsh_bank.o
 .bss           0x000000000011e066        0x0 binaries/xsh_clear.o
 .bss           0x000000000011e066        0x0 binaries/xsh_date.o
 .bss           0x000000000011e066        0x0 binaries/xsh_echo.o
 .bss           0x000000000011e066        0x0 binaries/xsh_exit.o
 .bss           0x000000000011e066        0x0 binaries/xsh_help.o
 .bss           0x000000000011e066        0x0 binaries/xsh_kill.o
 .bss           0x000000000011e066        0x0 binaries/xsh_ps.o
 .bss           0x000000000011e066        0x0 binaries/xsh_reviewcomment.o
 .bss           0x000000000011e066        0x0 binaries/xsh_uptime.o
 .bss           0x000000000011e066        0x0 binaries/xsh_user.o
 .bss           0x000000000011e066        0x0 binaries/clkdisp.o
 .bss           0x000000000011e066        0x0 binaries/ctxsw.o
 .bss           0x000000000011e066        0x0 binaries/intr.o
 .bss           0x000000000011e066        0x0 binaries/ttydispatch.o
 .bss           0x000000000011e066        0x0 binaries/ethdispatch.o
 *(COMMON)
 *fill*         0x000000000011e066       0x1a 
 COMMON         0x000000000011e080      0x504 binaries/bufinit.o
                0x000000000011e080                buftab
                0x000000000011e580                nbpools
 COMMON         0x000000000011e584        0xc binaries/clkinit.o
                0x000000000011e584                sleepq
                0x000000000011e588                preempt
                0x000000000011e58c                clktime
 COMMON         0x000000000011e590        0x2 binaries/evec.o
                0x000000000011e590                girmask
 *fill*         0x000000000011e592        0x2 
 COMMON         0x000000000011e594        0x4 binaries/i386.o
                0x000000000011e594                initsp
 *fill*         0x000000000011e598        0x8 
 COMMON         0x000000000011e5a0     0x1b5c binaries/initialize.o
                0x000000000011e5a0                AudioSem
                0x000000000011e5a4                LoggedInUserName
                0x000000000011e5b8                BankAccountPoolTail
                0x000000000011e5bc                LoggedInUserAccount
                0x000000000011e5c4                AdProcessId
                0x000000000011e5c8                TransferProcessId
                0x000000000011e5cc                AlarmProcId
                0x000000000011e5d0                currpid
                0x000000000011e5d4                CommentProcessId
                0x000000000011e5e0                proctab
                0x000000000011fbc0                prcount
                0x000000000011fbc4                processCount
                0x000000000011fbc8                ReviewProcessId
                0x000000000011fbcc                NeedResources
                0x000000000011fbe4                algoPolicy
                0x000000000011fc00                semtab
                0x00000000001200b0                StopWatchProcessId
                0x00000000001200b4                currentProcessID
                0x00000000001200b8                TransactionSem
                0x00000000001200bc                TransferToAccount
                0x00000000001200c4                DepositProcessId
                0x00000000001200c8                BankAccountPoolId
                0x00000000001200cc                BankAccountPoolHead
                0x00000000001200d0                RingProcessId
                0x00000000001200d4                KeyboardSem
                0x00000000001200d8                Finish
                0x00000000001200e4                WithdrawProcessId
                0x00000000001200e8                ShellProcessId
                0x00000000001200ec                DeadlockProcessId
                0x00000000001200f0                ScreenSem
                0x00000000001200f4                memlist
 *fill*         0x00000000001200fc        0x4 
 COMMON         0x0000000000120100       0x58 binaries/mark.o
                0x0000000000120100                marks
                0x0000000000120150                nmarks
                0x0000000000120154                mkmutex
 COMMON         0x0000000000120158        0x8 binaries/meminit.o
                0x0000000000120158                minheap
                0x000000000012015c                maxheap
 COMMON         0x0000000000120160      0x2d8 binaries/ptinit.o
                0x0000000000120160                porttab
                0x0000000000120430                ptnextid
                0x0000000000120434                ptfree
 *fill*         0x0000000000120438        0x8 
 COMMON         0x0000000000120440      0x980 binaries/queue.o
                0x0000000000120440                queuetab
 COMMON         0x0000000000120dc0        0x2 binaries/ready.o
                0x0000000000120dc0                readylist
 *fill*         0x0000000000120dc2        0x2 
 COMMON         0x0000000000120dc4        0x8 binaries/resched.o
                0x0000000000120dc4                Defer
 *fill*         0x0000000000120dcc       0x14 
 COMMON         0x0000000000120de0      0x110 binaries/ttyinit.o
                0x0000000000120de0                ttytab
 *fill*         0x0000000000120ef0       0x10 
 COMMON         0x0000000000120f00      0x130 binaries/ethinit.o
                0x0000000000120f00                ethertab
 *fill*         0x0000000000121030       0x10 
 COMMON         0x0000000000121040    0x19000 binaries/raminit.o
                0x0000000000121040                Ram
 COMMON         0x000000000013a040      0x140 binaries/arp.o
                0x000000000013a040                arpcache
 COMMON         0x000000000013a180      0x230 binaries/icmp.o
                0x000000000013a180                icmptab
 *fill*         0x000000000013a3b0       0x10 
 COMMON         0x000000000013a3c0       0x2c binaries/ip.o
                0x000000000013a3c0                ipoqueue
 *fill*         0x000000000013a3ec       0x14 
 COMMON         0x000000000013a400       0xd0 binaries/net.o
                0x000000000013a400                netbufpool
                0x000000000013a408                netportseed
                0x000000000013a420                NetData
 *fill*         0x000000000013a4d0       0x10 
 COMMON         0x000000000013a4e0      0x168 binaries/udp.o
                0x000000000013a4e0                udptab
                0x000000000013a648                ebss = ABSOLUTE (.)
                0x000000000013b000                . = ALIGN (0x1000)
 *fill*         0x000000000013a648      0x9b8 
 */()
                0x000000000013b000                end = ABSOLUTE (.)
                0x000000000013b000                _end = ABSOLUTE (.)
                0x000000000013b000                . = ALIGN (0x1000)
LOAD binaries/start.o
LOAD binaries/ads.o
LOAD binaries/ascdate.o
LOAD binaries/bufinit.o
LOAD binaries/chprio.o
LOAD binaries/clkhandler.o
LOAD binaries/clkinit.o
LOAD binaries/close.o
LOAD binaries/conf.o
LOAD binaries/control.o
LOAD binaries/create.o
LOAD binaries/deadlock.o
LOAD binaries/deposit.o
LOAD binaries/evec.o
LOAD binaries/exit.o
LOAD binaries/freebuf.o
LOAD binaries/freemem.o
LOAD binaries/getbuf.o
LOAD binaries/getc.o
LOAD binaries/getdev.o
LOAD binaries/getitem.o
LOAD binaries/getmem.o
LOAD binaries/getpid.o
LOAD binaries/getprio.o
LOAD binaries/getstk.o
LOAD binaries/getticks.o
LOAD binaries/gettime.o
LOAD binaries/getutime.o
LOAD binaries/i386.o
LOAD binaries/init.o
LOAD binaries/initialize.o
LOAD binaries/insert.o
LOAD binaries/insertd.o
LOAD binaries/ioerr.o
LOAD binaries/ionull.o
LOAD binaries/kill.o
LOAD binaries/kprintf.o
LOAD binaries/main.o
LOAD binaries/mark.o
LOAD binaries/meminit.o
LOAD binaries/mkbufpool.o
LOAD binaries/newqueue.o
LOAD binaries/open.o
LOAD binaries/panic.o
LOAD binaries/pci.o
LOAD binaries/ptclear.o
LOAD binaries/ptcount.o
LOAD binaries/ptcreate.o
LOAD binaries/ptdelete.o
LOAD binaries/ptinit.o
LOAD binaries/ptrecv.o
LOAD binaries/ptreset.o
LOAD binaries/ptsend.o
LOAD binaries/putc.o
LOAD binaries/queue.o
LOAD binaries/read.o
LOAD binaries/ready.o
LOAD binaries/receive.o
LOAD binaries/recvclr.o
LOAD binaries/recvtime.o
LOAD binaries/resched.o
LOAD binaries/resume.o
LOAD binaries/review_comment.o
LOAD binaries/ring.o
LOAD binaries/seek.o
LOAD binaries/semcount.o
LOAD binaries/semcreate.o
LOAD binaries/semdelete.o
LOAD binaries/semreset.o
LOAD binaries/send.o
LOAD binaries/signal.o
LOAD binaries/signaln.o
LOAD binaries/sleep.o
LOAD binaries/stacktrace.o
LOAD binaries/suspend.o
LOAD binaries/transfer.o
LOAD binaries/unsleep.o
LOAD binaries/userret.o
LOAD binaries/wait.o
LOAD binaries/wakeup.o
LOAD binaries/withdraw.o
LOAD binaries/write.o
LOAD binaries/xdone.o
LOAD binaries/yield.o
LOAD binaries/abs.o
LOAD binaries/atoi.o
LOAD binaries/atol.o
LOAD binaries/bzero.o
LOAD binaries/ctype_.o
LOAD binaries/doprnt.o
LOAD binaries/doscan.o
LOAD binaries/fdoprnt.o
LOAD binaries/fgetc.o
LOAD binaries/fgets.o
LOAD binaries/fprintf.o
LOAD binaries/fputc.o
LOAD binaries/fputs.o
LOAD binaries/fscanf.o
LOAD binaries/getchar.o
LOAD binaries/labs.o
LOAD binaries/memchr.o
LOAD binaries/memcmp.o
LOAD binaries/memcpy.o
LOAD binaries/memset.o
LOAD binaries/printf.o
LOAD binaries/putchar.o
LOAD binaries/qsort.o
LOAD binaries/rand.o
LOAD binaries/sprintf.o
LOAD binaries/sscanf.o
LOAD binaries/strchr.o
LOAD binaries/strcmp.o
LOAD binaries/strcpy.o
LOAD binaries/strlen.o
LOAD binaries/strncat.o
LOAD binaries/strncmp.o
LOAD binaries/strncpy.o
LOAD binaries/strnlen.o
LOAD binaries/strrchr.o
LOAD binaries/strstr.o
LOAD binaries/ttycontrol.o
LOAD binaries/ttygetc.o
LOAD binaries/ttyhandle_in.o
LOAD binaries/ttyhandle_out.o
LOAD binaries/ttyhandler.o
LOAD binaries/ttyinit.o
LOAD binaries/ttykickout.o
LOAD binaries/ttyputc.o
LOAD binaries/ttyread.o
LOAD binaries/ttywrite.o
LOAD binaries/82545EMInit.o
LOAD binaries/ethcontrol.o
LOAD binaries/ethhandler.o
LOAD binaries/ethinit.o
LOAD binaries/ethread.o
LOAD binaries/ethwrite.o
LOAD binaries/ramclose.o
LOAD binaries/raminit.o
LOAD binaries/ramopen.o
LOAD binaries/ramread.o
LOAD binaries/ramwrite.o
LOAD binaries/vga.o
LOAD binaries/arp.o
LOAD binaries/dhcp.o
LOAD binaries/dns.o
LOAD binaries/dot2ip.o
LOAD binaries/hexdump.o
LOAD binaries/icmp.o
LOAD binaries/ip.o
LOAD binaries/net.o
LOAD binaries/pdump.o
LOAD binaries/tftp.o
LOAD binaries/udp.o
LOAD binaries/addargs.o
LOAD binaries/lexan.o
LOAD binaries/shell.o
LOAD binaries/xsh_bank.o
LOAD binaries/xsh_clear.o
LOAD binaries/xsh_date.o
LOAD binaries/xsh_echo.o
LOAD binaries/xsh_exit.o
LOAD binaries/xsh_help.o
LOAD binaries/xsh_kill.o
LOAD binaries/xsh_ps.o
LOAD binaries/xsh_reviewcomment.o
LOAD binaries/xsh_uptime.o
LOAD binaries/xsh_user.o
LOAD binaries/clkdisp.o
LOAD binaries/ctxsw.o
LOAD binaries/intr.o
LOAD binaries/ttydispatch.o
LOAD binaries/ethdispatch.o
OUTPUT(../compile/xinu.elf elf32-i386)

.debug_line     0x0000000000000000    0x1ba0d
 .debug_line    0x0000000000000000       0xb8 binaries/start.o
 .debug_line    0x00000000000000b8      0x316 binaries/ads.o
 .debug_line    0x00000000000003ce      0x3f3 binaries/ascdate.o
 .debug_line    0x00000000000007c1      0x23d binaries/bufinit.o
 .debug_line    0x00000000000009fe      0x261 binaries/chprio.o
 .debug_line    0x0000000000000c5f      0x27c binaries/clkhandler.o
 .debug_line    0x0000000000000edb      0x258 binaries/clkinit.o
 .debug_line    0x0000000000001133      0x253 binaries/close.o
 .debug_line    0x0000000000001386      0x21f binaries/conf.o