
Merging program properties

Removed property 0xc0000002 to merge binaries/ads.o (0x3) and binaries/start.o (not found)
Removed property 0xc0000002 to merge binaries/ads.o (not found) and binaries/ascdate.o (0x3)
Removed property 0xc0000002 to merge binaries/ads.o (not found) and binaries/bufinit.o (0x3)
Removed property 0xc0000002 to merge binaries/ads.o (not found) and binaries/chprio.o (0x3)
Removed property 0xc0000002 to merge binaries/ads.o (not found) and binaries/clkhandler.o (0x3)
Removed property 0xc0000002 to merge binaries/ads.o (not found) and binaries/clkinit.o (0x3)
Removed property 0xc0000002 to merge binaries/ads.o (not found) and binaries/close.o (0x3)
Removed property 0xc0000002 to merge binaries/ads.o (not found) and binaries/conf.o (0x3)
Removed property 0xc0000002 to merge binaries/ads.o (not found) and binaries/control.o (0x3)
Removed property 0xc0000002 to merge binaries/ads.o (not found) and binaries/create.o (0x3)
Removed property 0xc0000002 to merge binaries/ads.o (not found) and binaries/deadlock.o (0x3)
Removed property 0xc0000002 to merge binaries/ads.o (not found) and binaries/deposit.o (0x3)
Removed property 0xc0000002 to merge binaries/ads.o (not found) and binaries/evec.o (0x3)
Removed property 0xc0000002 to merge binaries/ads.o (not found) and binaries/exit.o (0x3)
Removed property 0xc0000002 to merge binaries/ads.o (not found) and binaries/freebuf.o (0x3)
Removed property 0xc0000002 to merge binaries/ads.o (not found) and binaries/freemem.o (0x3)
Removed property 0xc0000002 to merge binaries/ads.o (not found) and binaries/getbuf.o (0x3)
Removed property 0xc0000002 to merge binaries/ads.o (not found) and binaries/getc.o (0x3)
Removed property 0xc0000002 to merge binaries/ads.o (not found) and binaries/getdev.o (0x3)
Removed property 0xc0000002 to merge binaries/ads.o (not found) and binaries/getitem.o (0x3)
Removed property 0xc0000002 to merge binaries/ads.o (not found) and binaries/getmem.o (0x3)
Removed property 0xc0000002 to merge binaries/ads.o (not found) and binaries/getpid.o (0x3)
Removed property 0xc0000002 to merge binaries/ads.o (not found) and binaries/getprio.o (0x3)
Removed property 0xc0000002 to merge binaries/ads.o (not found) and binaries/getstk.o (0x3)
Removed property 0xc0000002 to merge binaries/ads.o (not found) and binaries/getticks.o (0x3)
Removed property 0xc0000002 to merge binaries/ads.o (not found) and binaries/gettime.o (0x3)
Removed property 0xc0000002 to merge binaries/ads.o (not found) and binaries/getutime.o (0x3)
Removed property 0xc0000002 to merge binaries/ads.o (not found) and binaries/i386.o (0x3)
Removed property 0xc0000002 to merge binaries/ads.o (not found) and binaries/init.o (0x3)
Removed property 0xc0000002 to merge binaries/ads.o (not found) and binaries/initialize.o (0x3)
Removed property 0xc0000002 to merge binaries/ads.o (not found) and binaries/insert.o (0x3)
Removed property 0xc0000002 to merge binaries/ads.o (not found) and binaries/insertd.o (0x3)
Removed property 0xc0000002 to merge binaries/ads.o (not found) and binaries/ioerr.o (0x3)
Removed property 0xc0000002 to merge binaries/ads.o (not found) and binaries/ionull.o (0x3)
Removed property 0xc0000002 to merge binaries/ads.o (not found) and binaries/kill.o (0x3)
Removed property 0xc0000002 to merge binaries/ads.o (not found) and binaries/kprintf.o (0x3)
Removed property 0xc0000002 to merge binaries/ads.o (not found) and binaries/main.o (0x3)
Removed property 0xc0000002 to merge binaries/ads.o (not found) and binaries/mark.o (0x3)
Removed property 0xc0000002 to merge binaries/ads.o (not found) and binaries/meminit.o (0x3)
Removed property 0xc0000002 to merge binaries/ads.o (not found) and binaries/mkbufpool.o (0x3)
Removed property 0xc0000002 to merge binaries/ads.o (not found) and binaries/newqueue.o (0x3)
Removed property 0xc0000002 to merge binaries/ads.o (not found) and binaries/open.o (0x3)
Removed property 0xc0000002 to merge binaries/ads.o (not found) and binaries/panic.o (0x3)
Removed property 0xc0000002 to merge binaries/ads.o (not found) and binaries/pci.o (0x3)
Removed property 0xc0000002 to merge binaries/ads.o (not found) and binaries/ptclear.o (0x3)
Removed property 0xc0000002 to merge binaries/ads.o (not found) and binaries/ptcount.o (0x3)
Removed property 0xc0000002 to merge binaries/ads.o (not found) and binaries/ptcreate.o (0x3)
Removed property 0xc0000002 to merge binaries/ads.o (not found) and binaries/ptdelete.o (0x3)
Removed property 0xc0000002 to merge binaries/ads.o (not found) and binaries/ptinit.o (0x3)
Removed property 0xc0000002 to merge binaries/ads.o (not found) and binaries/ptrecv.o (0x3)
Removed property 0xc0000002 to merge binaries/ads.o (not found) and binaries/ptreset.o (0x3)
Removed property 0xc0000002 to merge binaries/ads.o (not found) and binaries/ptsend.o (0x3)
Removed property 0xc0000002 to merge binaries/ads.o (not found) and binaries/putc.o (0x3)
[...]
Memory Configuration

Name             Origin             Length             Attributes
*default*        0x0000000000000000 0xffffffffffffffff

Linker script and memory map

                0x0000000000100000                physbase = 0x100000
                0x0000000000100000                . = physbase
                0x0000000000100000                . = ALIGN (0x1000)

.text           0x0000000000100000    0x1a000
                0x0000000000100000                text = ABSOLUTE (.)
 *(.text .text.*)
 .text          0x0000000000100000      0x165 binaries/start.o
                0x0000000000100020                entry
                0x000000000010003d                start
                0x00000000001000a5                inb
                0x00000000001000ad                inw
                0x00000000001000b6                inl
                0x00000000001000be                outb
                0x00000000001000c8                outw
                0x00000000001000d3                outl
                0x00000000001000dd                _rtcin
                0x00000000001000e8                ___udivsi3
                0x00000000001000f3                ___divsi3
                0x00000000001000ff                sbzero
                0x000000000010010f                bcopy
                0x0000000000100123                insw
                0x0000000000100139                outsw
                0x000000000010014f                lidt
                0x0000000000100157                jumptocode
                0x000000000010015e                jumptobootcode
 .text          0x0000000000100165      0x235 binaries/ads.o
                0x0000000000100165                ads
 .text.__x86.get_pc_thunk.bx
                0x000000000010039a        0x4 binaries/ads.o
                0x000000000010039a                __x86.get_pc_thunk.bx
 .text          0x000000000010039e      0x408 binaries/ascdate.o
                0x000000000010039e                ascdate
 .text.__x86.get_pc_thunk.cx
                0x00000000001007a6        0x4 binaries/ascdate.o
                0x00000000001007a6                __x86.get_pc_thunk.cx
 .text          0x00000000001007aa       0x24 binaries/bufinit.o
                0x00000000001007aa                bufinit
 .text.__x86.get_pc_thunk.ax
                0x00000000001007ce        0x4 binaries/bufinit.o
                0x00000000001007ce                __x86.get_pc_thunk.ax
 .text          0x00000000001007d2       0xa6 binaries/chprio.o
                0x00000000001007d2                chprio
 .text          0x0000000000100878       0xdb binaries/clkhandler.o
                0x0000000000100878                clkhandler
 .text          0x0000000000100953       0x99 binaries/clkinit.o
                0x0000000000100953                clkinit
 .text          0x00000000001009ec       0x8a binaries/close.o
                0x00000000001009ec                close
 .text          0x0000000000100a76        0x0 binaries/conf.o
 .text          0x0000000000100a76       0x90 binaries/control.o
                0x0000000000100a76                control
 .text          0x0000000000100b06      0x2f5 binaries/create.o
                0x0000000000100b06                create
 .text          0x0000000000100dfb      0x885 binaries/deadlock.o
                0x0000000000100dfb                calculateNeed
                0x0000000000100e7e                isSafe
                0x0000000000100fcc                DeadlockDetect
                0x0000000000101216                changeState
                0x00000000001012cc                CausesDeadlock
                0x000000000010149f                DeadlockRecovery
 .text          0x0000000000101680      0x6ab binaries/deposit.o
                0x0000000000101680                deposit
 .text          0x0000000000101d2b      0x3d8 binaries/evec.o
                0x0000000000101d2b                initevec
                0x0000000000101d9b                set_evec
                0x0000000000101e5f                trap
 .text          0x0000000000102103       0x2d binaries/exit.o
                0x0000000000102103                exit
 .text          0x0000000000102130       0xa1 binaries/freebuf.o
                0x0000000000102130                freebuf
 .text          0x00000000001021d1      0x199 binaries/freemem.o
                0x00000000001021d1                freemem
 .text          0x000000000010236a       0x9f binaries/getbuf.o
                0x000000000010236a                getbuf
 .text          0x0000000000102409       0x8a binaries/getc.o
                0x0000000000102409                getc
 .text          0x0000000000102493       0x8a binaries/getdev.o
                0x0000000000102493                getdev
 .text          0x000000000010251d      0x11d binaries/getitem.o
                0x000000000010251d                getfirst
                0x0000000000102577                getlast
                0x00000000001025d3                getitem
 .text.__x86.get_pc_thunk.dx
                0x000000000010263a        0x4 binaries/getitem.o
                0x000000000010263a                __x86.get_pc_thunk.dx
 .text          0x000000000010263e      0x136 binaries/getmem.o
                0x000000000010263e                getmem
 .text          0x0000000000102774       0x1b binaries/getpid.o
                0x0000000000102774                getpid
 .text          0x000000000010278f       0x90 binaries/getprio.o
                0x000000000010278f                getprio
 .text          0x000000000010281f      0x11d binaries/getstk.o
                0x000000000010281f                getstk
 .text          0x000000000010293c       0x24 binaries/getticks.o
                0x000000000010293c                getticks
 .text          0x0000000000102960       0x4e binaries/gettime.o
                0x0000000000102960                gettime
 .text          0x00000000001029ae      0x220 binaries/getutime.o
                0x00000000001029ae                getutime
 .text          0x0000000000102bce      0x447 binaries/i386.o
                0x0000000000102bce                setsegs
                0x0000000000102d0e                init8259
                0x0000000000102dd4                pseg
                0x0000000000102fa0                setirmask
 .text          0x0000000000103015       0x8a binaries/init.o
                0x0000000000103015                init
 .text          0x000000000010309f      0x462 binaries/initialize.o
                0x000000000010309f                nulluser
                0x0000000000103486                stop
                0x00000000001034c5                delay
 .text          0x0000000000103501      0x109 binaries/insert.o
                0x0000000000103501                insert
 .text          0x000000000010360a      0x142 binaries/insertd.o
                0x000000000010360a                insertd
 .text          0x000000000010374c       0x18 binaries/ioerr.o
                0x000000000010374c                ioerr
 .text          0x0000000000103764       0x18 binaries/ionull.o
                0x0000000000103764                ionull
 .text          0x000000000010377c      0x1cd binaries/kill.o
                0x000000000010377c                kill
 .text          0x0000000000103949      0x18e binaries/kprintf.o
                0x0000000000103949                kputc
                0x00000000001039f1                kgetc
                0x0000000000103a97                kprintf
 .text          0x0000000000103ad7      0x299 binaries/main.o
                0x0000000000103ad7                main
                0x0000000000103c94                security
 .text          0x0000000000103d70       0xf6 binaries/mark.o
                0x0000000000103d70                markinit
                0x0000000000103dad                mark
 .text          0x0000000000103e66       0xf9 binaries/meminit.o
                0x0000000000103e66                meminit
 .text          0x0000000000103f5f      0x192 binaries/mkbufpool.o
                0x0000000000103f5f                mkbufpool
 .text          0x00000000001040f1       0xbf binaries/newqueue.o
                0x00000000001040f1                newqueue
 .text          0x00000000001041b0       0x90 binaries/open.o
                0x00000000001041b0                open
 .text          0x0000000000104240       0x32 binaries/panic.o
                0x0000000000104240                panic
 .text          0x0000000000104272      0x56c binaries/pci.o
                0x0000000000104272                pci_init
                0x000000000010459c                find_pci_device
                0x00000000001045fb                pci_bios_read_config_byte
                0x000000000010464b                pci_bios_read_config_word
                0x000000000010469e                pci_bios_read_config_dword
                0x00000000001046ee                pci_bios_write_config_byte
                0x0000000000104740                pci_bios_write_config_word
                0x0000000000104792                pci_bios_write_config_dword
 .text.__x86.get_pc_thunk.si
                0x00000000001047de        0x4 binaries/pci.o
                0x00000000001047de                __x86.get_pc_thunk.si
 .text          0x00000000001047e2      0x109 binaries/ptclear.o
                0x00000000001047e2                _ptclear
 .text          0x00000000001048eb       0xb3 binaries/ptcount.o
                0x00000000001048eb                ptcount
 .text          0x000000000010499e      0x138 binaries/ptcreate.o
                0x000000000010499e                ptcreate
 .text          0x0000000000104ad6       0x98 binaries/ptdelete.o
                0x0000000000104ad6                ptdelete
 .text          0x0000000000104b6e       0xe9 binaries/ptinit.o
                0x0000000000104b6e                ptinit
 .text          0x0000000000104c57      0x139 binaries/ptrecv.o
                0x0000000000104c57                ptrecv
 .text          0x0000000000104d90       0x8d binaries/ptreset.o
                0x0000000000104d90                ptreset
 .text          0x0000000000104e1d      0x15e binaries/ptsend.o
                0x0000000000104e1d                ptsend
 .text          0x0000000000104f7b       0x95 binaries/putc.o
                0x0000000000104f7b                putc
 .text          0x0000000000105010      0x14e binaries/queue.o
                0x0000000000105010                enqueue
                0x00000000001050d5                dequeue
 .text          0x000000000010515e       0x90 binaries/read.o
                0x000000000010515e                read
 .text          0x00000000001051ee       0x90 binaries/ready.o
                0x00000000001051ee                ready
 .text          0x000000000010527e       0x78 binaries/receive.o
                0x000000000010527e                receive
 .text          0x00000000001052f6       0x74 binaries/recvclr.o
                0x00000000001052f6                recvclr
 .text          0x000000000010536a       0xd9 binaries/recvtime.o
                0x000000000010536a                recvtime
 .text          0x0000000000105443      0x1d2 binaries/resched.o
                0x0000000000105443                resched
                0x0000000000105574                resched_cntl
 .text          0x0000000000105615       0xc3 binaries/resume.o
                0x0000000000105615                resume
 .text          0x00000000001056d8      0x658 binaries/review_comment.o
                0x00000000001056d8                review
                0x0000000000105a72                comment
 .text          0x0000000000105d30       0x90 binaries/ring.o
                0x0000000000105d30                ring
 .text          0x0000000000105dc0       0x8e binaries/seek.o
                0x0000000000105dc0                seek
 .text          0x0000000000105e4e       0x8b binaries/semcount.o
                0x0000000000105e4e                semcount
 .text          0x0000000000105ed9      0x108 binaries/semcreate.o
                0x0000000000105ed9                semcreate
 .text          0x0000000000105fe1       0xe3 binaries/semdelete.o
                0x0000000000105fe1                semdelete
 .text          0x00000000001060c4       0xe7 binaries/semreset.o
                0x00000000001060c4                semreset
 .text          0x00000000001061ab       0xff binaries/send.o
                0x00000000001061ab                send
 .text          0x00000000001062aa       0xbe binaries/signal.o
                0x00000000001062aa                signal
 .text          0x0000000000106368       0xec binaries/signaln.o
                0x0000000000106368                signaln
 .text          0x0000000000106454      0x116 binaries/sleep.o
                0x0000000000106454                sleep
                0x00000000001064b0                sleepms
 .text          0x000000000010656a      0x1b8 binaries/stacktrace.o
                0x000000000010656a                stacktrace
 .text          0x0000000000106722       0xf9 binaries/suspend.o
                0x0000000000106722                suspend
 .text          0x000000000010681b      0x8c8 binaries/transfer.o
                0x000000000010681b                transfer
 .text          0x00000000001070e3      0x104 binaries/unsleep.o
                0x00000000001070e3                unsleep
 .text          0x00000000001071e7       0x2d binaries/userret.o
                0x00000000001071e7                userret
 .text          0x0000000000107214       0xf9 binaries/wait.o
                0x0000000000107214                wait
 .text          0x000000000010730d       0x9c binaries/wakeup.o
                0x000000000010730d                wakeup
 .text          0x00000000001073a9      0x77e binaries/withdraw.o
                0x00000000001073a9                withdraw
 .text          0x0000000000107b27       0x90 binaries/write.o
                0x0000000000107b27                write
 .text          0x0000000000107bb7       0x33 binaries/xdone.o
                0x0000000000107bb7                xdone
 .text          0x0000000000107bea       0x3b binaries/yield.o
                0x0000000000107bea                yield
 .text          0x0000000000107c25       0x1f binaries/abs.o
                0x0000000000107c25                abs
 .text          0x0000000000107c44       0x9e binaries/atoi.o
                0x0000000000107c44                atoi
 .text          0x0000000000107ce2       0x9e binaries/atol.o
                0x0000000000107ce2                atol
 .text          0x0000000000107d80       0x40 binaries/bzero.o
                0x0000000000107d80                bzero
 .text          0x0000000000107dc0        0x0 binaries/ctype_.o
 .text          0x0000000000107dc0      0x96b binaries/doprnt.o
                0x0000000000107dc0                _doprnt
 .text          0x000000000010872b      0x709 binaries/doscan.o
                0x000000000010872b                _doscan
 .text.__x86.get_pc_thunk.di
                0x0000000000108e34        0x4 binaries/doscan.o
                0x0000000000108e34                __x86.get_pc_thunk.di
 .text          0x0000000000108e38      0x788 binaries/fdoprnt.o
                0x0000000000108e38                _fdoprnt
 .text          0x00000000001095c0       0x3d binaries/fgetc.o
                0x00000000001095c0                fgetc
 .text          0x00000000001095fd       0x88 binaries/fgets.o
                0x00000000001095fd                fgets
 .text          0x0000000000109685       0x40 binaries/fprintf.o
                0x0000000000109685                fprintf
 .text          0x00000000001096c5       0x40 binaries/fputc.o
                0x00000000001096c5                fputc
 .text          0x0000000000109705       0x56 binaries/fputs.o
                0x0000000000109705                fputs
 .text          0x000000000010975b       0xc2 binaries/fscanf.o
                0x000000000010975b                fscanf
 .text          0x000000000010981d       0x4a binaries/getchar.o
                0x000000000010981d                getchar
 .text          0x0000000000109867       0x1f binaries/labs.o
                0x0000000000109867                labs
 .text          0x0000000000109886        0x0 binaries/memchr.o
 .text          0x0000000000109886       0x5f binaries/memcmp.o
                0x0000000000109886                memcmp
 .text          0x00000000001098e5       0x4d binaries/memcpy.o
                0x00000000001098e5                memcpy
 .text          0x0000000000109932       0x3e binaries/memset.o
                0x0000000000109932                memset
 .text          0x0000000000109970       0x61 binaries/printf.o
                0x0000000000109970                printf
 .text          0x00000000001099d1       0x4d binaries/putchar.o
                0x00000000001099d1                putchar
 .text          0x0000000000109a1e      0x2bf binaries/qsort.o
                0x0000000000109a1e                qsort
 .text          0x0000000000109cdd       0x8d binaries/rand.o
                0x0000000000109cdd                rand
                0x0000000000109d05                rand_r
                0x0000000000109d4d                srand
 .text          0x0000000000109d6a       0x8a binaries/sprintf.o
                0x0000000000109d6a                sprintf
 .text          0x0000000000109df4       0xa4 binaries/sscanf.o
                0x0000000000109df4                sscanf
 .text          0x0000000000109e98       0x4a binaries/strchr.o
                0x0000000000109e98                strchr
 .text          0x0000000000109ee2       0x53 binaries/strcmp.o
                0x0000000000109ee2                strcmp
 .text          0x0000000000109f35       0x35 binaries/strcpy.o
                0x0000000000109f35                strcpy
 .text          0x0000000000109f6a       0x34 binaries/strlen.o
                0x0000000000109f6a                strlen
 .text          0x0000000000109f9e       0x64 binaries/strncat.o
                0x0000000000109f9e                strncat
 .text          0x000000000010a002       0x6c binaries/strncmp.o
                0x000000000010a002                strncmp
 .text          0x000000000010a06e       0x5d binaries/strncpy.o
                0x000000000010a06e                strncpy
 .text          0x000000000010a0cb       0x3c binaries/strnlen.o
                0x000000000010a0cb                strnlen
 .text          0x000000000010a107       0x53 binaries/strrchr.o
                0x000000000010a107                strrchr
 .text          0x000000000010a15a       0x7c binaries/strstr.o
                0x000000000010a15a                strstr
 .text          0x000000000010a1d6      0x100 binaries/ttycontrol.o
                0x000000000010a1d6                ttycontrol
 .text          0x000000000010a2d6       0xaf binaries/ttygetc.o
                0x000000000010a2d6                ttygetc
 .text          0x000000000010a385      0x73b binaries/ttyhandle_in.o
                0x000000000010a385                ttyhandle_in
 .text          0x000000000010aac0      0x1c5 binaries/ttyhandle_out.o
                0x000000000010aac0                ttyhandle_out
 .text          0x000000000010ac85       0xec binaries/ttyhandler.o
                0x000000000010ac85                ttyhandler
 .text          0x000000000010ad71      0x241 binaries/ttyinit.o
                0x000000000010ad71                ttyinit
 .text          0x000000000010afb2       0x2f binaries/ttykickout.o
                0x000000000010afb2                ttykickout
 .text          0x000000000010afe1       0xcd binaries/ttyputc.o
                0x000000000010afe1                ttyputc
 .text          0x000000000010b0ae      0x12f binaries/ttyread.o
                0x000000000010b0ae                ttyread
 .text          0x000000000010b1dd       0x60 binaries/ttywrite.o
                0x000000000010b1dd                ttywrite
 .text          0x000000000010b23d      0xf47 binaries/82545EMInit.o
                0x000000000010b2ba                _82545EMInit
                0x000000000010bfd2                _82545EM_read_phy_reg
                0x000000000010c0a7                _82545EM_write_phy_reg
 .text          0x000000000010c184      0x295 binaries/ethcontrol.o
                0x000000000010c201                ethcontrol
                0x000000000010c38e                ethIrqDisable
                0x000000000010c3d2                ethIrqEnable
 .text          0x000000000010c419      0x2a6 binaries/ethhandler.o
                0x000000000010c5c2                ethhandler
 .text          0x000000000010c6bf      0x142 binaries/ethinit.o
                0x000000000010c6bf                ethinit
 .text          0x000000000010c801      0x22b binaries/ethread.o
                0x000000000010c87e                ethread
 .text          0x000000000010ca2c      0x1d4 binaries/ethwrite.o
                0x000000000010caa9                ethwrite
 .text          0x000000000010cc00       0x18 binaries/ramclose.o
                0x000000000010cc00                ramclose
 .text          0x000000000010cc18       0x5c binaries/raminit.o
                0x000000000010cc18                raminit
 .text          0x000000000010cc74       0x18 binaries/ramopen.o
                0x000000000010cc74                ramopen
 .text          0x000000000010cc8c       0x4b binaries/ramread.o
                0x000000000010cc8c                ramread
 .text          0x000000000010ccd7       0x4b binaries/ramwrite.o
                0x000000000010ccd7                ramwrite
 .text          0x000000000010cd22      0x63b binaries/vga.o
                0x000000000010cd22                memset16
                0x000000000010cd6c                memmove
                0x000000000010cdf6                getScreenPositionIndex
                0x000000000010ce33                combineCharacterWithMode
                0x000000000010ce69                writeCharacterToScreenMemory
                0x000000000010cee3                clearScreen
                0x000000000010cf40                setCursorPosition
                0x000000000010cffd                scrollUpScreen
                0x000000000010d091                moveToNewLine
                0x000000000010d0f6                backspace
                0x000000000010d19f                outputAsciiCharacter
                0x000000000010d2a7                vgainit
                0x000000000010d2d6                vgaputc
                0x000000000010d30e                vgawrite
 .text          0x000000000010d35d      0x8ff binaries/arp.o
                0x000000000010d35d                arp_init
                0x000000000010d3a8                arp_resolve
                0x000000000010d69a                arp_in
                0x000000000010d980                arp_alloc
                0x000000000010da66                arp_ntoh
                0x000000000010db61                arp_hton
 .text          0x000000000010dc5c      0x991 binaries/dhcp.o
                0x000000000010dc5c                dhcp_get_opt_val
                0x000000000010dcc3                dhcp_bld_bootp_msg
                0x000000000010ddee                dhcp_bld_disc
                0x000000000010dedf                dhcp_bld_req
                0x000000000010e060                getlocalip
 .text          0x000000000010e5ed      0x5fc binaries/dns.o
                0x000000000010e5ed                dnslookup
 .text          0x000000000010ebe9       0xf8 binaries/dot2ip.o
                0x000000000010ebe9                dot2ip
 .text          0x000000000010ece1      0x530 binaries/hexdump.o
                0x000000000010ece1                hexdump
                0x000000000010eeb3                hexadump
 .text          0x000000000010f211      0x968 binaries/icmp.o
                0x000000000010f211                icmp_init
                0x000000000010f25b                icmp_in
                0x000000000010f440                icmp_register
                0x000000000010f54e                icmp_recv
                0x000000000010f6f0                icmp_send
                0x000000000010f789                icmp_mkpkt
                0x000000000010f8c1                icmp_release
                0x000000000010f9d2                icmp_cksum
                0x000000000010fa73                icmp_hton
                0x000000000010faf6                icmp_ntoh
 .text          0x000000000010fb79      0x990 binaries/ip.o
                0x000000000010fb79                ip_in
                0x000000000010fd22                ip_send
                0x000000000010fea8                ip_local
                0x000000000010ff0d                ip_out
                0x0000000000110059                ipcksum
                0x00000000001100ed                ip_ntoh
                0x00000000001101e8                ip_hton
                0x00000000001102e3                ipout
                0x000000000011043e                ip_enqueue
 .text          0x0000000000110509      0x348 binaries/net.o
                0x0000000000110509                net_init
                0x0000000000110669                netin
                0x0000000000110740                eth_hton
                0x0000000000110779                eth_ntoh
                0x00000000001107b2                getport
 .text          0x0000000000110851     0x15c4 binaries/pdump.o
                0x0000000000110851                pdump
                0x00000000001116ad                pdumph
 .text          0x0000000000111e15      0x668 binaries/tftp.o
                0x0000000000111e15                tftp_send1
                0x0000000000111fac                tftpget
                0x0000000000111fec                tftpget_mb
 .text          0x000000000011247d      0xc5e binaries/udp.o
                0x000000000011247d                udp_init
                0x00000000001124c7                udp_in
                0x000000000011261e                udp_register
                0x0000000000112771                udp_recv
                0x0000000000112924                udp_recvaddr
                0x0000000000112aef                udp_send
                0x0000000000112cf6                udp_sendto
                0x0000000000112ec5                udp_release
                0x0000000000112fd5                udp_ntoh
                0x0000000000113058                udp_hton
 .text          0x00000000001130db      0x151 binaries/addargs.o
                0x00000000001130db                addargs
 .text          0x000000000011322c      0x2df binaries/lexan.o
                0x000000000011322c                lexan
 .text          0x000000000011350b      0x5d6 binaries/shell.o
                0x000000000011350b                shell
 .text          0x0000000000113ae1      0xae1 binaries/xsh_bank.o
                0x0000000000113ae1                xsh_bank
 .text          0x00000000001145c2       0xe1 binaries/xsh_clear.o
                0x00000000001145c2                xsh_clear
 .text          0x00000000001146a3      0x358 binaries/xsh_date.o
                0x00000000001146a3                xsh_date
 .text          0x00000000001149fb       0x8b binaries/xsh_echo.o
                0x00000000001149fb                xsh_echo
 .text          0x0000000000114a86       0x18 binaries/xsh_exit.o
                0x0000000000114a86                xsh_exit
 .text          0x0000000000114a9e      0x3ed binaries/xsh_help.o
                0x0000000000114a9e                xsh_help
 .text          0x0000000000114e8b      0x28b binaries/xsh_kill.o
                0x0000000000114e8b                xsh_kill
 .text          0x0000000000115116      0x280 binaries/xsh_ps.o
                0x0000000000115116                xsh_ps
 .text          0x0000000000115396      0x644 binaries/xsh_reviewcomment.o
 .text          0x00000000001159da      0x234 binaries/xsh_uptime.o
                0x00000000001159da                xsh_uptime
 .text          0x0000000000115c0e      0xa2c binaries/xsh_user.o
                0x0000000000115c0e                xsh_user
 .text          0x000000000011663a        0xe binaries/clkdisp.o
                0x000000000011663a                clkdisp
 .text          0x0000000000116648       0x19 binaries/ctxsw.o
                0x0000000000116648                ctxsw
 .text          0x0000000000116661      0x368 binaries/intr.o
                0x0000000000116661                disable
                0x000000000011666a                restore
                0x0000000000116678                enable
                0x000000000011667a                pause
                0x0000000000116681                halt
                0x0000000000116684                spurious_irq7
                0x0000000000116689                spurious_irq15
                0x0000000000116698                _Xint0
                0x00000000001166a3                _Xint1
                0x00000000001166ae                _Xint2
                0x00000000001166b9                _Xint3
                0x00000000001166c4                _Xint4
                0x00000000001166cf                _Xint5
                0x00000000001166da                _Xint6
                0x00000000001166e5                _Xint7
                0x00000000001166f0                _Xint8
                0x00000000001166fb                _Xint9
                0x0000000000116706                _Xint10
                0x0000000000116711                _Xint11
                0x000000000011671f                _Xint12
                0x000000000011672d                _Xint13
                0x000000000011673b                _Xint14
                0x0000000000116749                _Xint15
                0x0000000000116757                _Xint16
                0x0000000000116765                _Xint17
                0x0000000000116773                _Xint18
                0x0000000000116781                _Xint19
                0x000000000011678f                _Xint20
                0x000000000011679d                _Xint21
                0x00000000001167ab                _Xint22
                0x00000000001167b9                _Xint23
                0x00000000001167c7                _Xint24
                0x00000000001167d5                _Xint25
                0x00000000001167e3                _Xint26
                0x00000000001167f1                _Xint27
                0x00000000001167ff                _Xint28
                0x000000000011680d                _Xint29
                0x000000000011681b                _Xint30
                0x0000000000116829                _Xint31
                0x0000000000116837                _Xint32
                0x0000000000116845                _Xint33
                0x0000000000116853                _Xint34
                0x0000000000116861                _Xint35
                0x000000000011686f                _Xint36
                0x000000000011687d                _Xint37
                0x000000000011688b                _Xint38
                0x0000000000116899                _Xint39
                0x00000000001168a7                _Xint40
                0x00000000001168b5                _Xint41
                0x00000000001168c3                _Xint42
                0x00000000001168d1                _Xint43
                0x00000000001168df                _Xint44
                0x00000000001168ed                _Xint45
                0x00000000001168fb                _Xint46
                0x0000000000116909                defevec
 .text          0x00000000001169c9        0xf binaries/ttydispatch.o
                0x00000000001169c9                ttydispatch
 .text          0x00000000001169d8       0x13 binaries/ethdispatch.o
                0x00000000001169d8                ethdispatch
 *(.rodata .rodata.*)
 *fill*         0x00000000001169eb        0x1 
 .rodata        0x00000000001169ec      0x306 binaries/ads.o
 *fill*         0x0000000000116cf2        0x2 
 .rodata        0x0000000000116cf4       0x8e binaries/ascdate.o
 .rodata        0x0000000000116d82       0x23 binaries/conf.o
 *fill*         0x0000000000116da5        0x3 
 .rodata        0x0000000000116da8      0x17f binaries/deadlock.o
 *fill*         0x0000000000116f27        0x1 
 .rodata        0x0000000000116f28       0xa0 binaries/deposit.o
 .rodata        0x0000000000116fc8      0x22f binaries/evec.o
 *fill*         0x00000000001171f7        0x1 
 .rodata        0x00000000001171f8       0x61 binaries/getutime.o
 *fill*         0x0000000000117259        0x3 
 .rodata        0x000000000011725c       0x90 binaries/i386.o
 .rodata        0x00000000001172ec      0x18b binaries/initialize.o
 *fill*         0x0000000000117477        0x1 
 .rodata        0x0000000000117478       0x20 binaries/kill.o
 .rodata        0x0000000000117498       0xdb binaries/main.o
 .rodata        0x0000000000117573        0xf binaries/panic.o
 *fill*         0x0000000000117582        0x2 
 .rodata        0x0000000000117584      0x1ec binaries/pci.o
 .rodata        0x0000000000117770       0x1d binaries/ptinit.o
 *fill*         0x000000000011778d        0x3 
 .rodata        0x0000000000117790       0x25 binaries/ptsend.o
 *fill*         0x00000000001177b5        0x3 
 .rodata        0x00000000001177b8      0x189 binaries/review_comment.o
 *fill*         0x0000000000117941        0x3 
 .rodata        0x0000000000117944       0xb7 binaries/stacktrace.o
 *fill*         0x00000000001179fb        0x1 
 .rodata        0x00000000001179fc       0xfc binaries/transfer.o
 .rodata        0x0000000000117af8       0xc4 binaries/withdraw.o
 .rodata        0x0000000000117bbc       0x27 binaries/xdone.o
 *fill*         0x0000000000117be3       0x1d 
 .rodata        0x0000000000117c00       0x81 binaries/ctype_.o
                0x0000000000117c00                _ctype_
 *fill*         0x0000000000117c81        0x3 
 .rodata        0x0000000000117c84       0xee binaries/doprnt.o
 *fill*         0x0000000000117d72        0x2 
 .rodata        0x0000000000117d74       0xae binaries/fdoprnt.o
 *fill*         0x0000000000117e22        0x2 
 .rodata        0x0000000000117e24       0x20 binaries/ttycontrol.o
 .rodata        0x0000000000117e44       0x34 binaries/ttyhandler.o
 .rodata        0x0000000000117e78       0x2e binaries/82545EMInit.o
 *fill*         0x0000000000117ea6        0x2 
 .rodata        0x0000000000117ea8       0x78 binaries/ethinit.o
 .rodata        0x0000000000117f20       0x18 binaries/ethread.o
 .rodata        0x0000000000117f38        0x9 binaries/raminit.o
 *fill*         0x0000000000117f41        0x3 
 .rodata        0x0000000000117f44        0x9 binaries/vga.o
                0x0000000000117f44                SCREEN_WIDTH
                0x0000000000117f45                SCREEN_HEIGHT
                0x0000000000117f48                TEXT_MODE_BUFFER
                0x0000000000117f4c                BLACK_WHITE
 *fill*         0x0000000000117f4d        0x3 
 .rodata        0x0000000000117f50       0x3a binaries/arp.o
 *fill*         0x0000000000117f8a        0x2 
 .rodata        0x0000000000117f8c       0xcf binaries/dhcp.o
 .rodata        0x000000000011805b       0x1a binaries/dns.o
 *fill*         0x0000000000118075        0x3 
 .rodata        0x0000000000118078       0xc9 binaries/hexdump.o
 *fill*         0x0000000000118141        0x3 
 .rodata        0x0000000000118144       0x29 binaries/icmp.o
 *fill*         0x000000000011816d        0x3 
 .rodata        0x0000000000118170       0x6e binaries/ip.o
 *fill*         0x00000000001181de        0x2 
 .rodata        0x00000000001181e0       0x4f binaries/net.o
 *fill*         0x000000000011822f        0x1 
 .rodata        0x0000000000118230      0x26f binaries/pdump.o
 *fill*         0x000000000011849f        0x1 
 .rodata        0x00000000001184a0      0x154 binaries/tftp.o
 .rodata        0x00000000001185f4       0xc2 binaries/shell.o
 *fill*         0x00000000001186b6        0x2 
 .rodata        0x00000000001186b8      0x3da binaries/xsh_bank.o
 *fill*         0x0000000000118a92        0x2 
 .rodata        0x0000000000118a94       0x6c binaries/xsh_clear.o
 .rodata        0x0000000000118b00      0x1c3 binaries/xsh_date.o
 .rodata        0x0000000000118cc3        0x9 binaries/xsh_echo.o
 .rodata        0x0000000000118ccc      0x169 binaries/xsh_help.o
 *fill*         0x0000000000118e35        0x3 
 .rodata        0x0000000000118e38      0x12e binaries/xsh_kill.o
 *fill*         0x0000000000118f66        0x2 
 .rodata        0x0000000000118f68      0x1a8 binaries/xsh_ps.o
 .rodata        0x0000000000119110      0x189 binaries/xsh_reviewcomment.o
 *fill*         0x0000000000119299        0x3 
 .rodata        0x000000000011929c      0x105 binaries/xsh_uptime.o
 *fill*         0x00000000001193a1        0x3 
 .rodata        0x00000000001193a4      0x3b8 binaries/xsh_user.o
                0x000000000011975c                etext = ABSOLUTE (.)
                0x000000000011a000                . = ALIGN (0x1000)
 *fill*         0x000000000011975c      0x8a4 

.eh_frame       0x000000000011a000     0x2b84
 .eh_frame      0x000000000011a000       0x48 binaries/ads.o
 .eh_frame      0x000000000011a048       0x38 binaries/ascdate.o
                                         0x50 (size before relaxing)
 .eh_frame      0x000000000011a080       0x34 binaries/bufinit.o
                                         0x4c (size before relaxing)
 .eh_frame      0x000000000011a0b4       0x24 binaries/chprio.o
                                         0x50 (size before relaxing)
 .eh_frame      0x000000000011a0d8       0x24 binaries/clkhandler.o
                                         0x50 (size before relaxing)
 .eh_frame      0x000000000011a0fc       0x24 binaries/clkinit.o
                                         0x50 (size before relaxing)
 .eh_frame      0x000000000011a120       0x24 binaries/close.o
                                         0x50 (size before relaxing)
 .eh_frame      0x000000000011a144       0x24 binaries/control.o
                                         0x50 (size before relaxing)
 .eh_frame      0x000000000011a168       0x48 binaries/create.o
                                         0x88 (size before relaxing)
 .eh_frame      0x000000000011a1b0       0xf0 binaries/deadlock.o
                                        0x130 (size before relaxing)
 .eh_frame      0x000000000011a2a0       0x2c binaries/deposit.o
                                         0x58 (size before relaxing)
 .eh_frame      0x000000000011a2cc       0x6c binaries/evec.o
                                         0xac (size before relaxing)
 .eh_frame      0x000000000011a338       0x24 binaries/exit.o
                                         0x50 (size before relaxing)
 .eh_frame      0x000000000011a35c       0x24 binaries/freebuf.o
                                         0x50 (size before relaxing)
 .eh_frame      0x000000000011a380       0x24 binaries/freemem.o
                                         0x50 (size before relaxing)
 .eh_frame      0x000000000011a3a4       0x24 binaries/getbuf.o
                                         0x50 (size before relaxing)
 .eh_frame      0x000000000011a3c8       0x24 binaries/getc.o
                                         0x50 (size before relaxing)
 .eh_frame      0x000000000011a3ec       0x24 binaries/getdev.o
                                         0x50 (size before relaxing)
 .eh_frame      0x000000000011a410       0x78 binaries/getitem.o
                                         0xa4 (size before relaxing)
 .eh_frame      0x000000000011a488       0x24 binaries/getmem.o
                                         0x50 (size before relaxing)
 .eh_frame      0x000000000011a4ac       0x20 binaries/getpid.o
                                         0x4c (size before relaxing)
 .eh_frame      0x000000000011a4cc       0x24 binaries/getprio.o
                                         0x50 (size before relaxing)
 .eh_frame      0x000000000011a4f0       0x24 binaries/getstk.o
                                         0x50 (size before relaxing)
 .eh_frame      0x000000000011a514       0x20 binaries/getticks.o
                                         0x4c (size before relaxing)
 .eh_frame      0x000000000011a534       0x24 binaries/gettime.o
                                         0x50 (size before relaxing)
 .eh_frame      0x000000000011a558       0x24 binaries/getutime.o
                                         0x50 (size before relaxing)
 .eh_frame      0x000000000011a57c       0x9c binaries/i386.o
                                         0xc8 (size before relaxing)
 .eh_frame      0x000000000011a618       0x24 binaries/init.o
                                         0x50 (size before relaxing)
 .eh_frame      0x000000000011a63c       0xa8 binaries/initialize.o
                                         0xe8 (size before relaxing)
 .eh_frame      0x000000000011a6e4       0x24 binaries/insert.o
                                         0x50 (size before relaxing)
 .eh_frame      0x000000000011a708       0x28 binaries/insertd.o
                                         0x54 (size before relaxing)
 .eh_frame      0x000000000011a730       0x20 binaries/ioerr.o
                                         0x4c (size before relaxing)
 .eh_frame      0x000000000011a750       0x20 binaries/ionull.o
                                         0x4c (size before relaxing)
 .eh_frame      0x000000000011a770       0x2c binaries/kill.o
                                         0x58 (size before relaxing)
 .eh_frame      0x000000000011a79c       0x6c binaries/kprintf.o
                                         0xac (size before relaxing)
 .eh_frame      0x000000000011a808       0x4c binaries/main.o
                                         0x78 (size before relaxing)
 .eh_frame      0x000000000011a854       0x48 binaries/mark.o
                                         0x74 (size before relaxing)
 .eh_frame      0x000000000011a89c       0x20 binaries/meminit.o
                                         0x4c (size before relaxing)
 .eh_frame      0x000000000011a8bc       0x24 binaries/mkbufpool.o
                                         0x50 (size before relaxing)
 .eh_frame      0x000000000011a8e0       0x24 binaries/newqueue.o
                                         0x50 (size before relaxing)
 .eh_frame      0x000000000011a904       0x24 binaries/open.o
                                         0x50 (size before relaxing)
 .eh_frame      0x000000000011a928       0x1c binaries/panic.o
                                         0x48 (size before relaxing)
 .eh_frame      0x000000000011a944      0x1ec binaries/pci.o
                                        0x240 (size before relaxing)
 .eh_frame      0x000000000011ab30       0x24 binaries/ptclear.o
                                         0x50 (size before relaxing)
 .eh_frame      0x000000000011ab54       0x24 binaries/ptcount.o
                                         0x50 (size before relaxing)
 .eh_frame      0x000000000011ab78       0x24 binaries/ptcreate.o
                                         0x50 (size before relaxing)
 .eh_frame      0x000000000011ab9c       0x24 binaries/ptdelete.o
                                         0x50 (size before relaxing)
 .eh_frame      0x000000000011abc0       0x24 binaries/ptinit.o
                                         0x50 (size before relaxing)
 .eh_frame      0x000000000011abe4       0x24 binaries/ptrecv.o
                                         0x50 (size before relaxing)
 .eh_frame      0x000000000011ac08       0x24 binaries/ptreset.o
                                         0x50 (size before relaxing)
 .eh_frame      0x000000000011ac2c       0x24 binaries/ptsend.o
                                         0x50 (size before relaxing)
 .eh_frame      0x000000000011ac50       0x24 binaries/putc.o
                                         0x50 (size before relaxing)
 .eh_frame      0x000000000011ac74       0x48 binaries/queue.o
                                         0x88 (size before relaxing)
 .eh_frame      0x000000000011acbc       0x24 binaries/read.o
                                         0x50 (size before relaxing)
 .eh_frame      0x000000000011ace0       0x28 binaries/ready.o
                                         0x54 (size before relaxing)
 .eh_frame      0x000000000011ad08       0x24 binaries/receive.o
                                         0x50 (size before relaxing)
 .eh_frame      0x000000000011ad2c       0x24 binaries/recvclr.o
                                         0x50 (size before relaxing)
 .eh_frame      0x000000000011ad50       0x24 binaries/recvtime.o
                                         0x50 (size before relaxing)
 .eh_frame      0x000000000011ad74       0x48 binaries/resched.o
                                         0x88 (size before relaxing)
 .eh_frame      0x000000000011adbc       0x24 binaries/resume.o
                                         0x50 (size before relaxing)
 .eh_frame      0x000000000011ade0       0x48 binaries/review_comment.o
                                         0x74 (size before relaxing)
 .eh_frame      0x000000000011ae28       0x1c binaries/ring.o
                                         0x48 (size before relaxing)
 .eh_frame      0x000000000011ae44       0x24 binaries/seek.o
                                         0x50 (size before relaxing)
 .eh_frame      0x000000000011ae68       0x24 binaries/semcount.o
                                         0x50 (size before relaxing)
 .eh_frame      0x000000000011ae8c       0x48 binaries/semcreate.o
                                         0x88 (size before relaxing)
 .eh_frame      0x000000000011aed4       0x24 binaries/semdelete.o
                                         0x50 (size before relaxing)
 .eh_frame      0x000000000011aef8       0x24 binaries/semreset.o
                                         0x50 (size before relaxing)
 .eh_frame      0x000000000011af1c       0x24 binaries/send.o
                                         0x50 (size before relaxing)
 .eh_frame      0x000000000011af40       0x24 binaries/signal.o
                                         0x50 (size before relaxing)
 .eh_frame      0x000000000011af64       0x24 binaries/signaln.o
                                         0x50 (size before relaxing)
 .eh_frame      0x000000000011af88       0x44 binaries/sleep.o
                                         0x84 (size before relaxing)
 .eh_frame      0x000000000011afcc       0x24 binaries/stacktrace.o
                                         0x50 (size before relaxing)
 .eh_frame      0x000000000011aff0       0x24 binaries/suspend.o
                                         0x50 (size before relaxing)
 .eh_frame      0x000000000011b014       0x2c binaries/transfer.o
                                         0x58 (size before relaxing)
 .eh_frame      0x000000000011b040       0x24 binaries/unsleep.o
                                         0x50 (size before relaxing)
 .eh_frame      0x000000000011b064       0x24 binaries/userret.o
                                         0x50 (size before relaxing)
 .eh_frame      0x000000000011b088       0x24 binaries/wait.o
                                         0x50 (size before relaxing)
 .eh_frame      0x000000000011b0ac       0x24 binaries/wakeup.o
                                         0x50 (size before relaxing)
 .eh_frame      0x000000000011b0d0       0x2c binaries/withdraw.o
                                         0x58 (size before relaxing)
 .eh_frame      0x000000000011b0fc       0x24 binaries/write.o
                                         0x50 (size before relaxing)
 .eh_frame      0x000000000011b120       0x24 binaries/xdone.o
                                         0x50 (size before relaxing)
 .eh_frame      0x000000000011b144       0x24 binaries/yield.o
                                         0x50 (size before relaxing)
 .eh_frame      0x000000000011b168       0x20 binaries/abs.o
                                         0x4c (size before relaxing)
 .eh_frame      0x000000000011b188       0x20 binaries/atoi.o
                                         0x4c (size before relaxing)
 .eh_frame      0x000000000011b1a8       0x20 binaries/atol.o
                                         0x4c (size before relaxing)
 .eh_frame      0x000000000011b1c8       0x20 binaries/bzero.o
                                         0x4c (size before relaxing)
 .eh_frame      0x000000000011b1e8       0xec binaries/doprnt.o
                                        0x140 (size before relaxing)
 .eh_frame      0x000000000011b2d4       0xc8 binaries/doscan.o
                                         0xf4 (size before relaxing)
 .eh_frame      0x000000000011b39c       0xcc binaries/fdoprnt.o
                                        0x10c (size before relaxing)
 .eh_frame      0x000000000011b468       0x24 binaries/fgetc.o
                                         0x50 (size before relaxing)
 .eh_frame      0x000000000011b48c       0x24 binaries/fgets.o
                                         0x50 (size before relaxing)
 .eh_frame      0x000000000011b4b0       0x24 binaries/fprintf.o
                                         0x50 (size before relaxing)
 .eh_frame      0x000000000011b4d4       0x24 binaries/fputc.o
                                         0x50 (size before relaxing)
 .eh_frame      0x000000000011b4f8       0x24 binaries/fputs.o
                                         0x50 (size before relaxing)
 .eh_frame      0x000000000011b51c       0x68 binaries/fscanf.o
                                         0x94 (size before relaxing)
 .eh_frame      0x000000000011b584       0x24 binaries/getchar.o
                                         0x50 (size before relaxing)
 .eh_frame      0x000000000011b5a8       0x20 binaries/labs.o
                                         0x4c (size before relaxing)
 .eh_frame      0x000000000011b5c8       0x20 binaries/memcmp.o
                                         0x4c (size before relaxing)
 .eh_frame      0x000000000011b5e8       0x24 binaries/memcpy.o
                                         0x50 (size before relaxing)
 .eh_frame      0x000000000011b60c       0x24 binaries/memset.o
                                         0x50 (size before relaxing)
 .eh_frame      0x000000000011b630       0x24 binaries/printf.o
                                         0x50 (size before relaxing)
 .eh_frame      0x000000000011b654       0x24 binaries/putchar.o
                                         0x50 (size before relaxing)
 .eh_frame      0x000000000011b678       0xa4 binaries/qsort.o
                                         0xd0 (size before relaxing)
 .eh_frame      0x000000000011b71c       0x60 binaries/rand.o
                                         0x8c (size before relaxing)
 .eh_frame      0x000000000011b77c       0x44 binaries/sprintf.o
                                         0x70 (size before relaxing)
 .eh_frame      0x000000000011b7c0       0x64 binaries/sscanf.o
                                         0x90 (size before relaxing)
 .eh_frame      0x000000000011b824       0x20 binaries/strchr.o
                                         0x4c (size before relaxing)
 .eh_frame      0x000000000011b844       0x20 binaries/strcmp.o
                                         0x4c (size before relaxing)
 .eh_frame      0x000000000011b864       0x20 binaries/strcpy.o
                                         0x4c (size before relaxing)
 .eh_frame      0x000000000011b884       0x20 binaries/strlen.o
                                         0x4c (size before relaxing)
 .eh_frame      0x000000000011b8a4       0x20 binaries/strncat.o
                                         0x4c (size before relaxing)
 .eh_frame      0x000000000011b8c4       0x20 binaries/strncmp.o
                                         0x4c (size before relaxing)
 .eh_frame      0x000000000011b8e4       0x28 binaries/strncpy.o
                                         0x54 (size before relaxing)
 .eh_frame      0x000000000011b90c       0x20 binaries/strnlen.o
                                         0x4c (size before relaxing)
 .eh_frame      0x000000000011b92c       0x20 binaries/strrchr.o
                                         0x4c (size before relaxing)
 .eh_frame      0x000000000011b94c       0x20 binaries/strstr.o
                                         0x4c (size before relaxing)
 .eh_frame      0x000000000011b96c       0x24 binaries/ttycontrol.o
                                         0x50 (size before relaxing)
 .eh_frame      0x000000000011b990       0x24 binaries/ttygetc.o
                                         0x50 (size before relaxing)
 .eh_frame      0x000000000011b9b4       0x88 binaries/ttyhandle_in.o
                                         0xdc (size before relaxing)
 .eh_frame      0x000000000011ba3c       0x24 binaries/ttyhandle_out.o
                                         0x50 (size before relaxing)
 .eh_frame      0x000000000011ba60       0x24 binaries/ttyhandler.o
                                         0x50 (size before relaxing)
 .eh_frame      0x000000000011ba84       0x24 binaries/ttyinit.o
                                         0x50 (size before relaxing)
 .eh_frame      0x000000000011baa8       0x24 binaries/ttykickout.o
                                         0x50 (size before relaxing)
 .eh_frame      0x000000000011bacc       0x24 binaries/ttyputc.o
                                         0x50 (size before relaxing)
 .eh_frame      0x000000000011baf0       0x24 binaries/ttyread.o
                                         0x50 (size before relaxing)
 .eh_frame      0x000000000011bb14       0x24 binaries/ttywrite.o
                                         0x50 (size before relaxing)
 .eh_frame      0x000000000011bb38      0x158 binaries/82545EMInit.o
                                        0x198 (size before relaxing)
 .eh_frame      0x000000000011bc90       0xac binaries/ethcontrol.o
                                        0x100 (size before relaxing)
 .eh_frame      0x000000000011bd3c       0x90 binaries/ethhandler.o
                                         0xd0 (size before relaxing)
 .eh_frame      0x000000000011bdcc       0x24 binaries/ethinit.o
                                         0x50 (size before relaxing)
 .eh_frame      0x000000000011bdf0       0x6c binaries/ethread.o
                                         0x98 (size before relaxing)
 .eh_frame      0x000000000011be5c       0x6c binaries/ethwrite.o
                                         0x98 (size before relaxing)
 .eh_frame      0x000000000011bec8       0x20 binaries/ramclose.o
                                         0x4c (size before relaxing)
 .eh_frame      0x000000000011bee8       0x24 binaries/raminit.o
                                         0x50 (size before relaxing)
 .eh_frame      0x000000000011bf0c       0x20 binaries/ramopen.o
                                         0x4c (size before relaxing)
 .eh_frame      0x000000000011bf2c       0x24 binaries/ramread.o
                                         0x50 (size before relaxing)
 .eh_frame      0x000000000011bf50       0x24 binaries/ramwrite.o
                                         0x50 (size before relaxing)
 .eh_frame      0x000000000011bf74      0x1dc binaries/vga.o
                                        0x21c (size before relaxing)
 .eh_frame      0x000000000011c150       0xd0 binaries/arp.o
                                        0x124 (size before relaxing)
 .eh_frame      0x000000000011c220       0xac binaries/dhcp.o
                                         0xec (size before relaxing)
 .eh_frame      0x000000000011c2cc       0x90 binaries/dns.o
                                         0xd0 (size before relaxing)
 .eh_frame      0x000000000011c35c       0x20 binaries/dot2ip.o
                                         0x4c (size before relaxing)
 .eh_frame      0x000000000011c37c       0x48 binaries/hexdump.o
                                         0x74 (size before relaxing)
 .eh_frame      0x000000000011c3c4      0x168 binaries/icmp.o
                                        0x1bc (size before relaxing)
 .eh_frame      0x000000000011c52c      0x130 binaries/ip.o
                                        0x170 (size before relaxing)
 .eh_frame      0x000000000011c65c       0xa8 binaries/net.o
                                         0xfc (size before relaxing)
 .eh_frame      0x000000000011c704       0x60 binaries/pdump.o
                                         0xa0 (size before relaxing)
 .eh_frame      0x000000000011c764       0x68 binaries/tftp.o
                                         0xa8 (size before relaxing)
 .eh_frame      0x000000000011c7cc      0x160 binaries/udp.o
                                        0x1b4 (size before relaxing)
 .eh_frame      0x000000000011c92c       0x24 binaries/addargs.o
                                         0x50 (size before relaxing)
 .eh_frame      0x000000000011c950       0x20 binaries/lexan.o
                                         0x4c (size before relaxing)
 .eh_frame      0x000000000011c970       0x2c binaries/shell.o
                                         0x58 (size before relaxing)
 .eh_frame      0x000000000011c99c       0x2c binaries/xsh_bank.o
                                         0x58 (size before relaxing)
 .eh_frame      0x000000000011c9c8       0x24 binaries/xsh_clear.o
                                         0x50 (size before relaxing)
 .eh_frame      0x000000000011c9ec       0x2c binaries/xsh_date.o
                                         0x58 (size before relaxing)
 .eh_frame      0x000000000011ca18       0x24 binaries/xsh_echo.o
                                         0x50 (size before relaxing)
 .eh_frame      0x000000000011ca3c       0x20 binaries/xsh_exit.o
                                         0x4c (size before relaxing)
 .eh_frame      0x000000000011ca5c       0x2c binaries/xsh_help.o
                                         0x58 (size before relaxing)
 .eh_frame      0x000000000011ca88       0x2c binaries/xsh_kill.o
                                         0x58 (size before relaxing)
 .eh_frame      0x000000000011cab4       0x30 binaries/xsh_ps.o
                                         0x5c (size before relaxing)
 .eh_frame      0x000000000011cae4       0x48 binaries/xsh_reviewcomment.o
                                         0x74 (size before relaxing)
 .eh_frame      0x000000000011cb2c       0x2c binaries/xsh_uptime.o
                                         0x58 (size before relaxing)
 .eh_frame      0x000000000011cb58       0x2c binaries/xsh_user.o
                                         0x58 (size before relaxing)

.iplt           0x000000000011cb84        0x0
 .iplt          0x000000000011cb84        0x0 binaries/start.o

.rel.dyn        0x000000000011cb84        0x0
 .rel.got       0x000000000011cb84        0x0 binaries/start.o
 .rel.iplt      0x000000000011cb84        0x0 binaries/start.o
 .rel.text      0x000000000011cb84        0x0 binaries/start.o
 .rel.data.rel.ro
                0x000000000011cb84        0x0 binaries/start.o

.data           0x000000000011cba0     0x1460
                0x000000000011cba0                data = ABSOLUTE (.)
 *(.data .data.*)
 .data          0x000000000011cba0      0x460 binaries/start.o
                0x000000000011cba0                gdt
                0x000000000011cbe0                gdtr
                0x000000000011cbe6                idt
                0x000000000011cfe6                idtr
                0x000000000011cfec                cpudelay
                0x000000000011cff0                _bootdev
                0x000000000011cff4                _cyloffset
 .data          0x000000000011d000        0x0 binaries/ads.o
 .data          0x000000000011d000        0x0 binaries/ascdate.o
 .data.rel.local
                0x000000000011d000       0x88 binaries/ascdate.o
                0x000000000011d000                Date
 .data          0x000000000011d088        0x0 binaries/bufinit.o
 .data          0x000000000011d088        0x0 binaries/chprio.o
 .data          0x000000000011d088        0x4 binaries/clkhandler.o
 .data          0x000000000011d08c        0x0 binaries/clkinit.o
 .data          0x000000000011d08c        0x0 binaries/close.o
 .data          0x000000000011d08c        0x0 binaries/conf.o
 *fill*         0x000000000011d08c       0x14 
 .data.rel      0x000000000011d0a0      0x12c binaries/conf.o
                0x000000000011d0a0                devtab
 .data          0x000000000011d1cc        0x0 binaries/control.o
 .data          0x000000000011d1cc        0x4 binaries/create.o
 .data          0x000000000011d1d0        0x0 binaries/deadlock.o
 .data          0x000000000011d1d0        0x0 binaries/deposit.o
 .data          0x000000000011d1d0        0x0 binaries/evec.o
 *fill*         0x000000000011d1d0       0x10 
 .data.rel.local
                0x000000000011d1e0       0x40 binaries/evec.o
                0x000000000011d1e0                inames
 .data          0x000000000011d220        0x0 binaries/exit.o
 .data          0x000000000011d220        0x0 binaries/freebuf.o
 .data          0x000000000011d220        0x0 binaries/freemem.o
 .data          0x000000000011d220        0x0 binaries/getbuf.o
 .data          0x000000000011d220        0x0 binaries/getc.o
 .data          0x000000000011d220        0x0 binaries/getdev.o
 .data          0x000000000011d220        0x0 binaries/getitem.o
 .data          0x000000000011d220        0x0 binaries/getmem.o
 .data          0x000000000011d220        0x0 binaries/getpid.o
 .data          0x000000000011d220        0x0 binaries/getprio.o
 .data          0x000000000011d220        0x0 binaries/getstk.o
 .data          0x000000000011d220        0x0 binaries/getticks.o
 .data          0x000000000011d220        0x0 binaries/gettime.o
 .data          0x000000000011d220        0x0 binaries/getutime.o
 .data          0x000000000011d220       0x40 binaries/i386.o
                0x000000000011d220                gdt_copy
 .data          0x000000000011d260        0x0 binaries/init.o
 .data          0x000000000011d260       0x20 binaries/initialize.o
                0x000000000011d260                AvailableResources
                0x000000000011d268                MaxResources
 .data          0x000000000011d280        0x0 binaries/insert.o
 .data          0x000000000011d280        0x0 binaries/insertd.o
 .data          0x000000000011d280        0x0 binaries/ioerr.o
 .data          0x000000000011d280        0x0 binaries/ionull.o
 .data          0x000000000011d280        0x0 binaries/kill.o
 .data          0x000000000011d280        0x0 binaries/kprintf.o
 .data          0x000000000011d280        0x0 binaries/main.o
 .data          0x000000000011d280        0x0 binaries/mark.o
 .data          0x000000000011d280        0x0 binaries/meminit.o
 .data          0x000000000011d280        0x0 binaries/mkbufpool.o
 .data          0x000000000011d280        0x2 binaries/newqueue.o
 .data          0x000000000011d282        0x0 binaries/open.o
 .data          0x000000000011d282        0x0 binaries/panic.o
 *fill*         0x000000000011d282        0x2 
 .data          0x000000000011d284       0x10 binaries/pci.o
 .data          0x000000000011d294        0x0 binaries/ptclear.o
 .data          0x000000000011d294        0x0 binaries/ptcount.o
 .data          0x000000000011d294        0x0 binaries/ptcreate.o
 .data          0x000000000011d294        0x0 binaries/ptdelete.o
 .data          0x000000000011d294        0x0 binaries/ptinit.o
 .data          0x000000000011d294        0x0 binaries/ptrecv.o
 .data          0x000000000011d294        0x0 binaries/ptreset.o
 .data          0x000000000011d294        0x0 binaries/ptsend.o
 .data          0x000000000011d294        0x0 binaries/putc.o
 .data          0x000000000011d294        0x0 binaries/queue.o
 .data          0x000000000011d294        0x0 binaries/read.o
 .data          0x000000000011d294        0x0 binaries/ready.o
 .data          0x000000000011d294        0x0 binaries/receive.o
 .data          0x000000000011d294        0x0 binaries/recvclr.o
 .data          0x000000000011d294        0x0 binaries/recvtime.o
 .data          0x000000000011d294        0x0 binaries/resched.o
 .data          0x000000000011d294        0x0 binaries/resume.o
 .data          0x000000000011d294        0x0 binaries/review_comment.o
 .data          0x000000000011d294        0x0 binaries/ring.o
 .data          0x000000000011d294        0x0 binaries/seek.o
 .data          0x000000000011d294        0x0 binaries/semcount.o
 .data          0x000000000011d294        0x0 binaries/semcreate.o
 .data          0x000000000011d294        0x0 binaries/semdelete.o
 .data          0x000000000011d294        0x0 binaries/semreset.o
 .data          0x000000000011d294        0x0 binaries/send.o
 .data          0x000000000011d294        0x0 binaries/signal.o
 .data          0x000000000011d294        0x0 binaries/signaln.o
 .data          0x000000000011d294        0x0 binaries/sleep.o
 .data          0x000000000011d294        0x0 binaries/stacktrace.o
 .data          0x000000000011d294        0x0 binaries/suspend.o
 .data          0x000000000011d294        0x0 binaries/transfer.o
 .data          0x000000000011d294        0x0 binaries/unsleep.o
 .data          0x000000000011d294        0x0 binaries/userret.o
 .data          0x000000000011d294        0x0 binaries/wait.o
 .data          0x000000000011d294        0x0 binaries/wakeup.o
 .data          0x000000000011d294        0x0 binaries/withdraw.o
 .data          0x000000000011d294        0x0 binaries/write.o
 .data          0x000000000011d294        0x0 binaries/xdone.o
 .data          0x000000000011d294        0x0 binaries/yield.o
 .data          0x000000000011d294        0x0 binaries/abs.o
 .data          0x000000000011d294        0x0 binaries/atoi.o
 .data          0x000000000011d294        0x0 binaries/atol.o
 .data          0x000000000011d294        0x0 binaries/bzero.o
 .data          0x000000000011d294        0x0 binaries/ctype_.o
 .data          0x000000000011d294        0x0 binaries/doprnt.o
 *fill*         0x000000000011d294        0xc 
 .data          0x000000000011d2a0       0x80 binaries/doscan.o
                0x000000000011d2a0                _sctab
 .data          0x000000000011d320        0x0 binaries/fdoprnt.o
 .data          0x000000000011d320        0x0 binaries/fgetc.o
 .data          0x000000000011d320        0x0 binaries/fgets.o
 .data          0x000000000011d320        0x0 binaries/fprintf.o
 .data          0x000000000011d320        0x0 binaries/fputc.o
 .data          0x000000000011d320        0x0 binaries/fputs.o
 .data          0x000000000011d320        0x0 binaries/fscanf.o
 .data          0x000000000011d320        0x0 binaries/getchar.o
 .data          0x000000000011d320        0x0 binaries/labs.o
 .data          0x000000000011d320        0x0 binaries/memchr.o
 .data          0x000000000011d320        0x0 binaries/memcmp.o
 .data          0x000000000011d320        0x0 binaries/memcpy.o
 .data          0x000000000011d320        0x0 binaries/memset.o
 .data          0x000000000011d320        0x0 binaries/printf.o
 .data          0x000000000011d320        0x0 binaries/putchar.o
 .data          0x000000000011d320        0x0 binaries/qsort.o
 .data          0x000000000011d320        0x4 binaries/rand.o
 .data          0x000000000011d324        0x0 binaries/sprintf.o
 .data          0x000000000011d324        0x0 binaries/sscanf.o
 .data          0x000000000011d324        0x0 binaries/strchr.o
 .data          0x000000000011d324        0x0 binaries/strcmp.o
 .data          0x000000000011d324        0x0 binaries/strcpy.o
 .data          0x000000000011d324        0x0 binaries/strlen.o
 .data          0x000000000011d324        0x0 binaries/strncat.o
 .data          0x000000000011d324        0x0 binaries/strncmp.o
 .data          0x000000000011d324        0x0 binaries/strncpy.o
 .data          0x000000000011d324        0x0 binaries/strnlen.o
 .data          0x000000000011d324        0x0 binaries/strrchr.o
 .data          0x000000000011d324        0x0 binaries/strstr.o
 .data          0x000000000011d324        0x0 binaries/ttycontrol.o
 .data          0x000000000011d324        0x0 binaries/ttygetc.o
 .data          0x000000000011d324        0x0 binaries/ttyhandle_in.o
 .data          0x000000000011d324        0x0 binaries/ttyhandle_out.o
 .data          0x000000000011d324        0x0 binaries/ttyhandler.o
 .data          0x000000000011d324        0x0 binaries/ttyinit.o
 .data          0x000000000011d324        0x0 binaries/ttykickout.o
 .data          0x000000000011d324        0x0 binaries/ttyputc.o
 .data          0x000000000011d324        0x0 binaries/ttyread.o
 .data          0x000000000011d324        0x0 binaries/ttywrite.o
 .data          0x000000000011d324        0x0 binaries/82545EMInit.o
 .data          0x000000000011d324        0x0 binaries/ethcontrol.o
 .data          0x000000000011d324        0x0 binaries/ethhandler.o
 .data          0x000000000011d324        0x0 binaries/ethinit.o
 .data          0x000000000011d324        0x0 binaries/ethread.o
 .data          0x000000000011d324        0x0 binaries/ethwrite.o
 .data          0x000000000011d324        0x0 binaries/ramclose.o
 .data          0x000000000011d324        0x0 binaries/raminit.o
 .data          0x000000000011d324        0x0 binaries/ramopen.o
 .data          0x000000000011d324        0x0 binaries/ramread.o
 .data          0x000000000011d324        0x0 binaries/ramwrite.o
 .data          0x000000000011d324        0x0 binaries/vga.o
 .data          0x000000000011d324        0x0 binaries/arp.o
 .data          0x000000000011d324        0x0 binaries/dhcp.o
 .data          0x000000000011d324        0x0 binaries/dns.o
 .data          0x000000000011d324        0x0 binaries/dot2ip.o
 .data          0x000000000011d324        0x0 binaries/hexdump.o
 .data          0x000000000011d324        0x4 binaries/icmp.o
 .data          0x000000000011d328        0x0 binaries/ip.o
 .data          0x000000000011d328        0x0 binaries/net.o
 .data          0x000000000011d328        0x0 binaries/pdump.o
 .data          0x000000000011d328        0x0 binaries/tftp.o
 .data          0x000000000011d328        0x4 binaries/udp.o
 .data          0x000000000011d32c        0x0 binaries/addargs.o
 .data          0x000000000011d32c        0x0 binaries/lexan.o
 .data          0x000000000011d32c        0x4 binaries/shell.o
                0x000000000011d32c                ncmd
 *fill*         0x000000000011d330       0x10 
 .data.rel.ro   0x000000000011d340       0x90 binaries/shell.o
                0x000000000011d340                cmdtab
 .data          0x000000000011d3d0        0x0 binaries/xsh_bank.o
 .data          0x000000000011d3d0        0x0 binaries/xsh_clear.o
 .data          0x000000000011d3d0        0x0 binaries/xsh_date.o
 .data          0x000000000011d3d0        0x0 binaries/xsh_echo.o
 .data          0x000000000011d3d0        0x0 binaries/xsh_exit.o
 .data          0x000000000011d3d0        0x0 binaries/xsh_help.o
 .data          0x000000000011d3d0        0x0 binaries/xsh_kill.o
 *fill*         0x000000000011d3d0       0x10 
 .data          0x000000000011d3e0       0x20 binaries/xsh_ps.o
 .data          0x000000000011d400        0x0 binaries/xsh_reviewcomment.o
 .data          0x000000000011d400        0x0 binaries/xsh_uptime.o
 .data          0x000000000011d400        0x0 binaries/xsh_user.o
 .data          0x000000000011d400        0x0 binaries/clkdisp.o
 .data          0x000000000011d400        0x0 binaries/ctxsw.o
 .data          0x000000000011d400        0x0 binaries/intr.o
 .data          0x000000000011d400        0x0 binaries/ttydispatch.o
 .data          0x000000000011d400        0x0 binaries/ethdispatch.o
                0x000000000011d400                edata = ABSOLUTE (.)
                0x000000000011d400                _edata = ABSOLUTE (.)
                0x000000000011e000                . = ALIGN (0x1000)
 *fill*         0x000000000011d400      0xc00 

.got            0x000000000011e000        0x0
 .got           0x000000000011e000        0x0 binaries/start.o

.got.plt        0x000000000011e000        0xc
 .got.plt       0x000000000011e000        0xc binaries/start.o
                0x000000000011e000                _GLOBAL_OFFSET_TABLE_

.igot.plt       0x000000000011e00c        0x0
 .igot.plt      0x000000000011e00c        0x0 binaries/start.o

.bss            0x000000000011e020    0x1cfe0
                0x000000000011e020                bss = ABSOLUTE (.)
 *(.bss .bss.*)
 .bss           0x000000000011e020        0x0 binaries/start.o
 .bss           0x000000000011e020        0x0 binaries/ads.o
 .bss           0x000000000011e020        0x0 binaries/ascdate.o
 .bss           0x000000000011e020        0x0 binaries/bufinit.o
 .bss           0x000000000011e020        0x0 binaries/chprio.o
 .bss           0x000000000011e020        0x0 binaries/clkhandler.o
 .bss           0x000000000011e020        0x4 binaries/clkinit.o
                0x000000000011e020                ctr1000
 .bss           0x000000000011e024        0x0 binaries/close.o
 .bss           0x000000000011e024        0x0 binaries/conf.o
 .bss           0x000000000011e024        0x0 binaries/control.o
 .bss           0x000000000011e024        0x0 binaries/create.o
 .bss           0x000000000011e024        0x0 binaries/deadlock.o
 .bss           0x000000000011e024        0x0 binaries/deposit.o
 .bss           0x000000000011e024        0x4 binaries/evec.o
 .bss           0x000000000011e028        0x0 binaries/exit.o
 .bss           0x000000000011e028        0x0 binaries/freebuf.o
 .bss           0x000000000011e028        0x0 binaries/freemem.o
 .bss           0x000000000011e028        0x0 binaries/getbuf.o
 .bss           0x000000000011e028        0x0 binaries/getc.o
 .bss           0x000000000011e028        0x0 binaries/getdev.o
 .bss           0x000000000011e028        0x0 binaries/getitem.o
 .bss           0x000000000011e028        0x0 binaries/getmem.o
 .bss           0x000000000011e028        0x0 binaries/getpid.o
 .bss           0x000000000011e028        0x0 binaries/getprio.o
 .bss           0x000000000011e028        0x0 binaries/getstk.o
 .bss           0x000000000011e028        0x0 binaries/getticks.o
 .bss           0x000000000011e028        0x0 binaries/gettime.o
 .bss           0x000000000011e028        0x0 binaries/getutime.o
 .bss           0x000000000011e028        0x0 binaries/i386.o
 .bss           0x000000000011e028        0x0 binaries/init.o
 .bss           0x000000000011e028       0x24 binaries/initialize.o
                0x000000000011e028                AlarmIndex
                0x000000000011e02c                LoggedIn
                0x000000000011e030                TotalBankAccounts
                0x000000000011e034                AllocatedResources
 .bss           0x000000000011e04c        0x0 binaries/insert.o
 .bss           0x000000000011e04c        0x0 binaries/insertd.o
 .bss           0x000000000011e04c        0x0 binaries/ioerr.o
 .bss           0x000000000011e04c        0x0 binaries/ionull.o
 .bss           0x000000000011e04c        0x0 binaries/kill.o
 .bss           0x000000000011e04c        0x0 binaries/kprintf.o
 .bss           0x000000000011e04c        0x0 binaries/main.o
 .bss           0x000000000011e04c        0x0 binaries/mark.o
 .bss           0x000000000011e04c        0x0 binaries/meminit.o
 .bss           0x000000000011e04c        0x0 binaries/mkbufpool.o
 .bss           0x000000000011e04c        0x0 binaries/newqueue.o
 .bss           0x000000000011e04c        0x0 binaries/open.o
 .bss           0x000000000011e04c        0x0 binaries/panic.o
 .bss           0x000000000011e04c        0xc binaries/pci.o
 .bss           0x000000000011e058        0x0 binaries/ptclear.o
 .bss           0x000000000011e058        0x0 binaries/ptcount.o
 .bss           0x000000000011e058        0x0 binaries/ptcreate.o
 .bss           0x000000000011e058        0x0 binaries/ptdelete.o
 .bss           0x000000000011e058        0x0 binaries/ptinit.o
 .bss           0x000000000011e058        0x0 binaries/ptrecv.o
 .bss           0x000000000011e058        0x0 binaries/ptreset.o
 .bss           0x000000000011e058        0x0 binaries/ptsend.o
 .bss           0x000000000011e058        0x0 binaries/putc.o
 .bss           0x000000000011e058        0x0 binaries/queue.o
 .bss           0x000000000011e058        0x0 binaries/read.o
 .bss           0x000000000011e058        0x0 binaries/ready.o
 .bss           0x000000000011e058        0x0 binaries/receive.o
 .bss           0x000000000011e058        0x0 binaries/recvclr.o
 .bss           0x000000000011e058        0x0 binaries/recvtime.o
 .bss           0x000000000011e058        0x0 binaries/resched.o
 .bss           0x000000000011e058        0x0 binaries/resume.o
 .bss           0x000000000011e058        0x0 binaries/review_comment.o
 .bss           0x000000000011e058        0x0 binaries/ring.o
 .bss           0x000000000011e058        0x0 binaries/seek.o
 .bss           0x000000000011e058        0x0 binaries/semcount.o
 .bss           0x000000000011e058        0x4 binaries/semcreate.o
 .bss           0x000000000011e05c        0x0 binaries/semdelete.o
 .bss           0x000000000011e05c        0x0 binaries/semreset.o
 .bss           0x000000000011e05c        0x0 binaries/send.o
 .bss           0x000000000011e05c        0x0 binaries/signal.o
 .bss           0x000000000011e05c        0x0 binaries/signaln.o
 .bss           0x000000000011e05c        0x0 binaries/sleep.o
 .bss           0x000000000011e05c        0x0 binaries/stacktrace.o
 .bss           0x000000000011e05c        0x0 binaries/suspend.o
 .bss           0x000000000011e05c        0x0 binaries/transfer.o
 .bss           0x000000000011e05c        0x0 binaries/unsleep.o
 .bss           0x000000000011e05c        0x0 binaries/userret.o
 .bss           0x000000000011e05c        0x0 binaries/wait.o
 .bss           0x000000000011e05c        0x0 binaries/wakeup.o
 .bss           0x000000000011e05c        0x0 binaries/withdraw.o
 .bss           0x000000000011e05c        0x0 binaries/write.o
 .bss           0x000000000011e05c        0x0 binaries/xdone.o
 .bss           0x000000000011e05c        0x0 binaries/yield.o
 .bss           0x000000000011e05c        0x0 binaries/abs.o
 .bss           0x000000000011e05c        0x0 binaries/atoi.o
 .bss           0x000000000011e05c        0x0 binaries/atol.o
 .bss           0x000000000011e05c        0x0 binaries/bzero.o
 .bss           0x000000000011e05c        0x0 binaries/ctype_.o
 .bss           0x000000000011e05c        0x0 binaries/doprnt.o
 .bss           0x000000000011e05c        0x0 binaries/doscan.o
 .bss           0x000000000011e05c        0x0 binaries/fdoprnt.o
 .bss           0x000000000011e05c        0x0 binaries/fgetc.o
 .bss           0x000000000011e05c        0x0 binaries/fgets.o
 .bss           0x000000000011e05c        0x0 binaries/fprintf.o
 .bss           0x000000000011e05c        0x0 binaries/fputc.o
 .bss           0x000000000011e05c        0x0 binaries/fputs.o
 .bss           0x000000000011e05c        0x0 binaries/fscanf.o
 .bss           0x000000000011e05c        0x0 binaries/getchar.o
 .bss           0x000000000011e05c        0x0 binaries/labs.o
 .bss           0x000000000011e05c        0x0 binaries/memchr.o
 .bss           0x000000000011e05c        0x0 binaries/memcmp.o
 .bss           0x000000000011e05c        0x0 binaries/memcpy.o
 .bss           0x000000000011e05c        0x0 binaries/memset.o
 .bss           0x000000000011e05c        0x0 binaries/printf.o
 .bss           0x000000000011e05c        0x0 binaries/putchar.o
 .bss           0x000000000011e05c        0x8 binaries/qsort.o
 .bss           0x000000000011e064        0x0 binaries/rand.o
 .bss           0x000000000011e064        0x0 binaries/sprintf.o
 .bss           0x000000000011e064        0x0 binaries/sscanf.o
 .bss           0x000000000011e064        0x0 binaries/strchr.o
 .bss           0x000000000011e064        0x0 binaries/strcmp.o
 .bss           0x000000000011e064        0x0 binaries/strcpy.o
 .bss           0x000000000011e064        0x0 binaries/strlen.o
 .bss           0x000000000011e064        0x0 binaries/strncat.o
 .bss           0x000000000011e064        0x0 binaries/strncmp.o
 .bss           0x000000000011e064        0x0 binaries/strncpy.o
 .bss           0x000000000011e064        0x0 binaries/strnlen.o
 .bss           0x000000000011e064        0x0 binaries/strrchr.o
 .bss           0x000000000011e064        0x0 binaries/strstr.o
 .bss           0x000000000011e064        0x0 binaries/ttycontrol.o
 .bss           0x000000000011e064        0x0 binaries/ttygetc.o
 .bss           0x000000000011e064        0x0 binaries/ttyhandle_in.o
 .bss           0x000000000011e064        0x0 binaries/ttyhandle_out.o
 .bss           0x000000000011e064        0x0 binaries/ttyhandler.o
 .bss           0x000000000011e064        0x0 binaries/ttyinit.o
 .bss           0x000000000011e064        0x0 binaries/ttykickout.o
 .bss           0x000000000011e064        0x0 binaries/ttyputc.o
 .bss           0x000000000011e064        0x0 binaries/ttyread.o
 .bss           0x000000000011e064        0x0 binaries/ttywrite.o
 .bss           0x000000000011e064        0x0 binaries/82545EMInit.o
 .bss           0x000000000011e064        0x0 binaries/ethcontrol.o
 .bss           0x000000000011e064        0x0 binaries/ethhandler.o
 .bss           0x000000000011e064        0x0 binaries/ethinit.o
 .bss           0x000000000011e064        0x0 binaries/ethread.o
 .bss           0x000000000011e064        0x0 binaries/ethwrite.o
 .bss           0x000000000011e064        0x0 binaries/ramclose.o
 .bss           0x000000000011e064        0x0 binaries/raminit.o
 .bss           0x000000000011e064        0x0 binaries/ramopen.o
 .bss           0x000000000011e064        0x0 binaries/ramread.o
 .bss           0x000000000011e064        0x0 binaries/ramwrite.o
 .bss           0x000000000011e064        0x2 binaries/vga.o
                0x000000000011e064                curr
 .bss           0x000000000011e066        0x0 binaries/arp.o
 .bss           0x000000000011e066        0x0 binaries/dhcp.o
 .bss           0x000000000011e066        0x0 binaries/dns.o
 .bss           0x000000000011e066        0x0 binaries/dot2ip.o
 .bss           0x000000000011e066        0x0 binaries/hexdump.o
 .bss           0x000000000011e066        0x0 binaries/icmp.o
 .bss           0x000000000011e066        0x0 binaries/ip.o
 .bss           0x000000000011e066        0x0 binaries/net.o
 .bss           0x000000000011e066        0x0 binaries/pdump.o
 .bss           0x000000000011e066        0x0 binaries/tftp.o
 .bss           0x000000000011e066        0x0 binaries/udp.o
 .bss           0x000000000011e066        0x0 binaries/addargs.o
 .bss           0x000000000011e066        0x0 binaries/lexan.o
 .bss           0x000000000011e066        0x0 binaries/shell.o
 .bss           0x000000000011e066        0x0 binaries/xsh_bank.o
 .bss           0x000000000011e066        0x0 binaries/xsh_clear.o
 .bss           0x000000000011e066        0x0 binaries/xsh_date.o
 .bss           0x000000000011e066        0x0 binaries/xsh_echo.o
 .bss           0x000000000011e066        0x0 binaries/xsh_exit.o
 .bss           0x000000000011e066        0x0 binaries/xsh_help.o
 .bss           0x000000000011e066        0x0 binaries/xsh_kill.o
 .bss           0x000000000011e066        0x0 binaries/xsh_ps.o
 .bss           0x000000000011e066        0x0 binaries/xsh_reviewcomment.o
 .bss           0x000000000011e066        0x0 binaries/xsh_uptime.o
 .bss           0x000000000011e066        0x0 binaries/xsh_user.o
 .bss           0x000000000011e066        0x0 binaries/clkdisp.o
 .bss           0x000000000011e066        0x0 binaries/ctxsw.o
 .bss           0x000000000011e066        0x0 binaries/intr.o
 .bss           0x000000000011e066        0x0 binaries/ttydispatch.o
 .bss           0x000000000011e066        0x0 binaries/ethdispatch.o
 *(COMMON)
 *fill*         0x000000000011e066       0x1a 
 COMMON         0x000000000011e080      0x504 binaries/bufinit.o
                0x000000000011e080                buftab
                0x000000000011e580                nbpools
 COMMON         0x000000000011e584        0xc binaries/clkinit.o
                0x000000000011e584                sleepq
                0x000000000011e588                preempt
                0x000000000011e58c                clktime
 COMMON         0x000000000011e590        0x2 binaries/evec.o
                0x000000000011e590                girmask
 *fill*         0x000000000011e592        0x2 
 COMMON         0x000000000011e594        0x4 binaries/i386.o
                0x000000000011e594                initsp
 *fill*         0x000000000011e598        0x8 
 COMMON         0x000000000011e5a0     0x1b60 binaries/initialize.o
                0x000000000011e5a0                AudioSem
                0x000000000011e5a4                LoggedInUserName
                0x000000000011e5b8                BankAccountPoolTail
                0x000000000011e5bc                LoggedInUserAccount
                0x000000000011e5c4                AdProcessId
                0x000000000011e5c8                TransferProcessId
                0x000000000011e5cc                AlarmProcId
                0x000000000011e5d0                currpid
                0x000000000011e5d4                CommentProcessId
                0x000000000011e5e0                proctab
                0x000000000011fbc0                prcount
                0x000000000011fbc4                ShellSem
                0x000000000011fbc8                processCount
                0x000000000011fbcc                ReviewProcessId
                0x000000000011fbd0                NeedResources
                0x000000000011fc00                semtab
                0x00000000001200b0                StopWatchProcessId
                0x00000000001200b4                currentProcessID
                0x00000000001200b8                TransactionSem
                0x00000000001200bc                TransferToAccount
                0x00000000001200c4                DepositProcessId
                0x00000000001200c8                BankAccountPoolId
                0x00000000001200cc                SecurityProcessId
                0x00000000001200d0                BankAccountPoolHead
                0x00000000001200d4                RingProcessId
                0x00000000001200d8                KeyboardSem
                0x00000000001200dc                Finish
                0x00000000001200e8                WithdrawProcessId
                0x00000000001200ec                ShellProcessId
                0x00000000001200f0                DeadlockProcessId
                0x00000000001200f4                ScreenSem
                0x00000000001200f8                memlist
 COMMON         0x0000000000120100       0x58 binaries/mark.o
                0x0000000000120100                marks
                0x0000000000120150                nmarks
                0x0000000000120154                mkmutex
 COMMON         0x0000000000120158        0x8 binaries/meminit.o
                0x0000000000120158                minheap
                0x000000000012015c                maxheap
 COMMON         0x0000000000120160      0x2d8 binaries/ptinit.o
                0x0000000000120160                porttab
                0x0000000000120430                ptnextid
                0x0000000000120434                ptfree
 *fill*         0x0000000000120438        0x8 
 COMMON         0x0000000000120440      0x980 binaries/queue.o
                0x0000000000120440                queuetab
 COMMON         0x0000000000120dc0        0x2 binaries/ready.o
                0x0000000000120dc0                readylist
 *fill*         0x0000000000120dc2        0x2 
 COMMON         0x0000000000120dc4        0x8 binaries/resched.o
                0x0000000000120dc4                Defer
 *fill*         0x0000000000120dcc       0x14 
 COMMON         0x0000000000120de0      0x110 binaries/ttyinit.o
                0x0000000000120de0                ttytab
 *fill*         0x0000000000120ef0       0x10 
 COMMON         0x0000000000120f00      0x130 binaries/ethinit.o
                0x0000000000120f00                ethertab
 *fill*         0x0000000000121030       0x10 
 COMMON         0x0000000000121040    0x19000 binaries/raminit.o
                0x0000000000121040                Ram
 COMMON         0x000000000013a040      0x140 binaries/arp.o
                0x000000000013a040                arpcache
 COMMON         0x000000000013a180      0x230 binaries/icmp.o
                0x000000000013a180                icmptab
 *fill*         0x000000000013a3b0       0x10 
 COMMON         0x000000000013a3c0       0x2c binaries/ip.o
                0x000000000013a3c0                ipoqueue
 *fill*         0x000000000013a3ec       0x14 
 COMMON         0x000000000013a400       0xd0 binaries/net.o
                0x000000000013a400                netbufpool
                0x000000000013a408                netportseed
                0x000000000013a420                NetData
 *fill*         0x000000000013a4d0       0x10 
 COMMON         0x000000000013a4e0      0x168 binaries/udp.o
                0x000000000013a4e0                udptab
                0x000000000013a648                ebss = ABSOLUTE (.)
                0x000000000013b000                . = ALIGN (0x1000)
 *fill*         0x000000000013a648      0x9b8 
 */()
                0x000000000013b000                end = ABSOLUTE (.)
                0x000000000013b000                _end = ABSOLUTE (.)
                0x000000000013b000                . = ALIGN (0x1000)
LOAD binaries/start.o
LOAD binaries/ads.o
LOAD binaries/ascdate.o
LOAD binaries/bufinit.o
LOAD binaries/chprio.o
LOAD binaries/clkhandler.o
LOAD binaries/clkinit.o
LOAD binaries/close.o
LOAD binaries/conf.o
LOAD binaries/control.o
LOAD binaries/create.o
LOAD binaries/deadlock.o
LOAD binaries/deposit.o
LOAD binaries/evec.o
LOAD binaries/exit.o
LOAD binaries/freebuf.o
LOAD binaries/freemem.o
LOAD binaries/getbuf.o
LOAD binaries/getc.o
LOAD binaries/getdev.o
LOAD binaries/getitem.o
LOAD binaries/getmem.o
LOAD binaries/getpid.o
LOAD binaries/getprio.o
LOAD binaries/getstk.o
LOAD binaries/getticks.o
LOAD binaries/gettime.o
LOAD binaries/getutime.o
LOAD binaries/i386.o
LOAD binaries/init.o
LOAD binaries/initialize.o
LOAD binaries/insert.o
LOAD binaries/insertd.o
LOAD binaries/ioerr.o
LOAD binaries/ionull.o
LOAD binaries/kill.o
LOAD binaries/kprintf.o
LOAD binaries/main.o
LOAD binaries/mark.o
LOAD binaries/meminit.o
LOAD binaries/mkbufpool.o
LOAD binaries/newqueue.o
LOAD binaries/open.o
LOAD binaries/panic.o
LOAD binaries/pci.o
LOAD binaries/ptclear.o
LOAD binaries/ptcount.o
LOAD binaries/ptcreate.o
LOAD binaries/ptdelete.o
LOAD binaries/ptinit.o
LOAD binaries/ptrecv.o
LOAD binaries/ptreset.o
LOAD binaries/ptsend.o
LOAD binaries/putc.o
LOAD binaries/queue.o
LOAD binaries/read.o
LOAD binaries/ready.o
LOAD binaries/receive.o
LOAD binaries/recvclr.o
LOAD binaries/recvtime.o
LOAD binaries/resched.o
LOAD binaries/resume.o
LOAD binaries/review_comment.o
LOAD binaries/ring.o
LOAD binaries/seek.o
LOAD binaries/semcount.o
LOAD binaries/semcreate.o
LOAD binaries/semdelete.o
LOAD binaries/semreset.o
LOAD binaries/send.o
LOAD binaries/signal.o
LOAD binaries/signaln.o
LOAD binaries/sleep.o
LOAD binaries/stacktrace.o
LOAD binaries/suspend.o
LOAD binaries/transfer.o
LOAD binaries/unsleep.o
LOAD binaries/userret.o
LOAD binaries/wait.o
LOAD binaries/wakeup.o
LOAD binaries/withdraw.o
LOAD binaries/write.o
LOAD binaries/xdone.o
LOAD binaries/yield.o
LOAD binaries/abs.o
LOAD binaries/atoi.o
LOAD binaries/atol.o
LOAD binaries/bzero.o
LOAD binaries/ctype_.o
LOAD binaries/doprnt.o
LOAD binaries/doscan.o
LOAD binaries/fdoprnt.o
LOAD binaries/fgetc.o
LOAD binaries/fgets.o
LOAD binaries/fprintf.o
LOAD binaries/fputc.o
LOAD binaries/fputs.o
LOAD binaries/fscanf.o
LOAD binaries/getchar.o
LOAD binaries/labs.o
LOAD binaries/memchr.o
LOAD binaries/memcmp.o
LOAD binaries/memcpy.o
LOAD binaries/memset.o
LOAD binaries/printf.o
LOAD binaries/putchar.o
LOAD binaries/qsort.o
LOAD binaries/rand.o
LOAD binaries/sprintf.o
LOAD binaries/sscanf.o
LOAD binaries/strchr.o
LOAD binaries/strcmp.o
LOAD binaries/strcpy.o
LOAD binaries/strlen.o
LOAD binaries/strncat.o
LOAD binaries/strncmp.o
LOAD binaries/strncpy.o
LOAD binaries/strnlen.o
LOAD binaries/strrchr.o
LOAD binaries/strstr.o
LOAD binaries/ttycontrol.o
LOAD binaries/ttygetc.o
LOAD binaries/ttyhandle_in.o
LOAD binaries/ttyhandle_out.o
LOAD binaries/ttyhandler.o
LOAD binaries/ttyinit.o
LOAD binaries/ttykickout.o
LOAD binaries/ttyputc.o
LOAD binaries/ttyread.o
LOAD binaries/ttywrite.o
LOAD binaries/82545EMInit.o
LOAD binaries/ethcontrol.o
LOAD binaries/ethhandler.o
LOAD binaries/ethinit.o
LOAD binaries/ethread.o
LOAD binaries/ethwrite.o
LOAD binaries/ramclose.o
LOAD binaries/raminit.o
LOAD binaries/ramopen.o
LOAD binaries/ramread.o
LOAD binaries/ramwrite.o
LOAD binaries/vga.o
LOAD binaries/arp.o
LOAD binaries/dhcp.o
LOAD binaries/dns.o
LOAD binaries/dot2ip.o
LOAD binaries/hexdump.o
LOAD binaries/icmp.o
LOAD binaries/ip.o
LOAD binaries/net.o
LOAD binaries/pdump.o
LOAD binaries/tftp.o
LOAD binaries/udp.o
LOAD binaries/addargs.o
LOAD binaries/lexan.o
LOAD binaries/shell.o
LOAD binaries/xsh_bank.o
LOAD binaries/xsh_clear.o
LOAD binaries/xsh_date.o
LOAD binaries/xsh_echo.o
LOAD binaries/xsh_exit.o
LOAD binaries/xsh_help.o
LOAD binaries/xsh_kill.o
LOAD binaries/xsh_ps.o
LOAD binaries/xsh_reviewcomment.o
LOAD binaries/xsh_uptime.o
LOAD binaries/xsh_user.o
LOAD binaries/clkdisp.o
LOAD binaries/ctxsw.o
LOAD binaries/intr.o
LOAD binaries/ttydispatch.o
LOAD binaries/ethdispatch.o
OUTPUT(../compile/xinu.elf elf32-i386)

.debug_line     0x0000000000000000    0x1bcca
 .debug_line    0x0000000000000000       0xb8 binaries/start.o
 .debug_line    0x00000000000000b8      0x316 binaries/ads.o
 .debug_line    0x00000000000003ce      0x3f3 binaries/ascdate.o
 .debug_line    0x00000000000007c1      0x23d binaries/bufinit.o
 .debug_line    0x00000000000009fe      0x261 binaries/chprio.o
 .debug_line    0x0000000000000c5f      0x27c binaries/clkhandler.o
 .debug_line    0x0000000000000edb      0x258 binaries/clkinit.o
 .debug_line    0x0000000000001133      0x253 binaries/close.o
 .debug_line    0x0000000000001386      0x21f binaries/conf.o